[2026-04-22 00:33:08] [gdrive-sync] === Google Drive sync start ===
[2026-04-22 00:33:08] [gdrive-sync] Syncing nightly dumps to g-drive:AllTrue-Backups/db/ ...
2026/04/22 00:33:16 CRITICAL: Failed to create file system for "g-drive:AllTrue-Backups/db/": couldn't find root directory ID: googleapi: Error 403: Quota exceeded for quota metric 'Queries' and limit 'Queries per minute' of service 'drive.googleapis.com' for consumer 'project_number:202264815644'.
Details:
[
  {
    "@type": "type.googleapis.com/google.rpc.ErrorInfo",
    "domain": "googleapis.com",
    "metadata": {
      "consumer": "projects/202264815644",
      "quota_limit": "defaultPerMinutePerProject",
      "quota_limit_value": "840000",
      "quota_location": "global",
      "quota_metric": "drive.googleapis.com/default",
      "quota_unit": "1/min/{project}",
      "service": "drive.googleapis.com"
    },
    "reason": "RATE_LIMIT_EXCEEDED"
  },
  {
    "@type": "type.googleapis.com/google.rpc.Help",
    "links": [
      {
        "description": "Request a higher quota limit.",
        "url": "https://cloud.google.com/docs/quotas/help/request_increase"
      }
    ]
  }
]
, rateLimitExceeded
[2026-04-22 00:33:16] [gdrive-sync] WARN: nightly sync had errors (non-fatal)
[2026-04-22 00:33:16] [gdrive-sync] Syncing monthly snapshots to g-drive:AllTrue-Backups/monthly/ ...
[2026-04-22 00:33:42] [gdrive-sync] Remote db/ files: 0, monthly/ files: 1
[2026-04-22 00:33:42] [gdrive-sync] Pruning old remote backups...
[2026-04-22 00:33:45] [gdrive-sync] === Google Drive sync done ===
[2026-04-22 01:09:44] [gdrive-sync] === Google Drive sync start ===
[2026-04-22 01:09:59] [gdrive-sync] Syncing nightly dumps to g-drive:AllTrue-Backups/db/ ...
[2026-04-22 01:10:14] [gdrive-sync] Syncing monthly snapshots to g-drive:AllTrue-Backups/monthly/ ...
[2026-04-22 01:10:42] [gdrive-sync] Syncing latest 2 sixhour dumps to g-drive:AllTrue-Backups/sixhour/ ...
[2026-04-22 01:10:48] [gdrive-sync] Sixhour sync done (1 files)
[2026-04-22 01:10:58] [gdrive-sync] Remote files — db/: 4, monthly/: 1, sixhour/: 1
[2026-04-22 01:10:58] [gdrive-sync] Pruning old remote backups...
[2026-04-22 01:11:36] [gdrive-sync] === Google Drive sync done ===
