{"sessionId":"afe6bc","location":"SwipeRfidController.php:swipe","message":"swipe entry","data":{"branch_code":"daan","rfid":"C7B9F59D16"},"timestamp":1775193655000}
{"sessionId":"afe6bc","location":"SwipeRfidController.php:swipe","message":"campus lookup","data":{"found":true,"campusId":15},"timestamp":1775193655000}
{"sessionId":"afe6bc","location":"SwipeRfidController.php:swipe","message":"student lookup","data":{"found":false,"studentId":null},"timestamp":1775193655000}
{"sessionId":"afe6bc","location":"SwipeRfidController.php:swipe","message":"teacher lookup","data":{"found":false,"teacherId":null},"timestamp":1775193655000}
{"sessionId":"afe6bc","location":"SwipeRfidController.php:swipe","message":"swipe entry","data":{"branch_code":"daan","rfid":"C7B9F59D16"},"timestamp":1775203352000}
{"sessionId":"afe6bc","location":"SwipeRfidController.php:swipe","message":"campus lookup","data":{"found":true,"campusId":15},"timestamp":1775203352000}
{"sessionId":"afe6bc","location":"SwipeRfidController.php:swipe","message":"student lookup","data":{"found":false,"studentId":null},"timestamp":1775203352000}
{"sessionId":"afe6bc","location":"SwipeRfidController.php:swipe","message":"teacher lookup","data":{"found":false,"teacherId":null},"timestamp":1775203352000}
{"sessionId":"afe6bc","location":"SwipeRfidController.php:swipe","message":"swipe entry","data":{"branch_code":"daan","rfid":"C7B9F59D16"},"timestamp":1775203538000}
{"sessionId":"afe6bc","location":"SwipeRfidController.php:swipe","message":"campus lookup","data":{"found":true,"campusId":15},"timestamp":1775203538000}
{"sessionId":"afe6bc","location":"SwipeRfidController.php:swipe","message":"student lookup","data":{"found":false,"studentId":null},"timestamp":1775203538000}
{"sessionId":"afe6bc","location":"SwipeRfidController.php:swipe","message":"teacher lookup","data":{"found":false,"teacherId":null},"timestamp":1775203538000}
{"sessionId":"afe6bc","location":"SwipeRfidController.php:swipe","message":"swipe entry","data":{"branch_code":"daan","rfid":"C7B9F59D16"},"timestamp":1775203863000}
{"sessionId":"afe6bc","location":"SwipeRfidController.php:swipe","message":"campus lookup","data":{"found":true,"campusId":15},"timestamp":1775203863000}
{"sessionId":"afe6bc","location":"SwipeRfidController.php:swipe","message":"student lookup","data":{"found":false,"studentId":null},"timestamp":1775203863000}
{"sessionId":"afe6bc","location":"SwipeRfidController.php:swipe","message":"teacher lookup","data":{"found":false,"teacherId":null},"timestamp":1775203863000}
{"sessionId":"afe6bc","location":"SwipeRfidController.php:swipe","message":"swipe entry","data":{"branch_code":"daan","rfid":"C7B9F59D16"},"timestamp":1775203983000}
{"sessionId":"afe6bc","location":"SwipeRfidController.php:swipe","message":"campus lookup","data":{"found":true,"campusId":15},"timestamp":1775203983000}
{"sessionId":"afe6bc","location":"SwipeRfidController.php:swipe","message":"student lookup","data":{"found":false,"studentId":null},"timestamp":1775203983000}
{"sessionId":"afe6bc","location":"SwipeRfidController.php:swipe","message":"teacher lookup","data":{"found":false,"teacherId":null},"timestamp":1775203983000}
{"sessionId":"afe6bc","location":"SwipeRfidController.php:swipe","message":"swipe entry","data":{"branch_code":"daan","rfid":"C7B9F59D16"},"timestamp":1775204059000}
{"sessionId":"afe6bc","location":"SwipeRfidController.php:swipe","message":"campus lookup","data":{"found":true,"campusId":15},"timestamp":1775204059000}
{"sessionId":"afe6bc","location":"SwipeRfidController.php:swipe","message":"student lookup","data":{"found":true,"studentId":152},"timestamp":1775204059000}
{"sessionId":"afe6bc","location":"SwipeRfidController.php:swipe","message":"swipe entry","data":{"branch_code":"daan","rfid":"2705784319"},"timestamp":1775204129000}
{"sessionId":"afe6bc","location":"SwipeRfidController.php:swipe","message":"campus lookup","data":{"found":true,"campusId":15},"timestamp":1775204129000}
{"sessionId":"afe6bc","location":"SwipeRfidController.php:swipe","message":"student lookup","data":{"found":false,"studentId":null},"timestamp":1775204129000}
{"sessionId":"afe6bc","location":"SwipeRfidController.php:swipe","message":"teacher lookup","data":{"found":false,"teacherId":null},"timestamp":1775204129000}
{"sessionId":"afe6bc","location":"SwipeRfidController.php:swipe","message":"swipe entry","data":{"branch_code":"daan","rfid":"2705784319"},"timestamp":1775204168000}
{"sessionId":"afe6bc","location":"SwipeRfidController.php:swipe","message":"campus lookup","data":{"found":true,"campusId":15},"timestamp":1775204168000}
{"sessionId":"afe6bc","location":"SwipeRfidController.php:swipe","message":"student lookup","data":{"found":false,"studentId":null},"timestamp":1775204168000}
{"sessionId":"afe6bc","location":"SwipeRfidController.php:swipe","message":"teacher lookup","data":{"found":false,"teacherId":null},"timestamp":1775204168000}
{"sessionId":"afe6bc","location":"SwipeRfidController.php:swipe","message":"swipe entry","data":{"branch_code":"daan","rfid":"2705784319"},"timestamp":1775204530000}
{"sessionId":"afe6bc","location":"SwipeRfidController.php:swipe","message":"campus lookup","data":{"found":true,"campusId":15},"timestamp":1775204530000}
{"sessionId":"afe6bc","location":"SwipeRfidController.php:swipe","message":"student lookup","data":{"found":false,"studentId":null},"timestamp":1775204530000}
{"sessionId":"afe6bc","location":"SwipeRfidController.php:swipe","message":"teacher lookup","data":{"found":true,"teacherId":17,"teacherCampusId":16,"swipeCampusId":15,"matchedUserCampus":true},"timestamp":1775204530000}
{"sessionId":"afe6bc","location":"SwipeRfidController.php:swipe","message":"swipe entry","data":{"branch_code":"daan","rfid":"2705784319"},"timestamp":1776565518000}
{"sessionId":"afe6bc","location":"SwipeRfidController.php:swipe","message":"campus lookup","data":{"found":true,"campusId":15},"timestamp":1776565518000}
{"sessionId":"afe6bc","location":"SwipeRfidController.php:swipe","message":"student lookup","data":{"found":false,"studentId":null},"timestamp":1776565518000}
{"sessionId":"afe6bc","location":"SwipeRfidController.php:swipe","message":"teacher lookup","data":{"found":true,"teacherId":17,"teacherCampusId":15,"swipeCampusId":15,"matchedUserCampus":false},"timestamp":1776565518000}
{"sessionId":"afe6bc","location":"SwipeRfidController.php:swipe","message":"swipe entry","data":{"branch_code":"daan","rfid":"2705784319"},"timestamp":1776566242000}
{"sessionId":"afe6bc","location":"SwipeRfidController.php:swipe","message":"campus lookup","data":{"found":true,"campusId":15},"timestamp":1776566242000}
{"sessionId":"afe6bc","location":"SwipeRfidController.php:swipe","message":"student lookup","data":{"found":false,"studentId":null},"timestamp":1776566242000}
{"sessionId":"afe6bc","location":"SwipeRfidController.php:swipe","message":"teacher lookup","data":{"found":true,"teacherId":17,"teacherCampusId":15,"swipeCampusId":15,"matchedUserCampus":false},"timestamp":1776566242000}
{"sessionId":"afe6bc","location":"SwipeRfidController.php:swipe","message":"swipe entry","data":{"branch_code":"daan","rfid":"2705784319"},"timestamp":1776566409000}
{"sessionId":"afe6bc","location":"SwipeRfidController.php:swipe","message":"campus lookup","data":{"found":true,"campusId":15},"timestamp":1776566409000}
{"sessionId":"afe6bc","location":"SwipeRfidController.php:swipe","message":"student lookup","data":{"found":false,"studentId":null},"timestamp":1776566409000}
{"sessionId":"afe6bc","location":"SwipeRfidController.php:swipe","message":"teacher lookup","data":{"found":true,"teacherId":17,"teacherCampusId":15,"swipeCampusId":15,"matchedUserCampus":false},"timestamp":1776566409000}
{"sessionId":"afe6bc","location":"SwipeRfidController.php:swipe","message":"swipe entry","data":{"branch_code":"daan","rfid":"2705784319"},"timestamp":1776566450000}
{"sessionId":"afe6bc","location":"SwipeRfidController.php:swipe","message":"campus lookup","data":{"found":true,"campusId":15},"timestamp":1776566450000}
{"sessionId":"afe6bc","location":"SwipeRfidController.php:swipe","message":"student lookup","data":{"found":false,"studentId":null},"timestamp":1776566450000}
{"sessionId":"afe6bc","location":"SwipeRfidController.php:swipe","message":"teacher lookup","data":{"found":true,"teacherId":17,"teacherCampusId":15,"swipeCampusId":15,"matchedUserCampus":false},"timestamp":1776566450000}
{"sessionId":"afe6bc","location":"SwipeRfidController.php:swipe","message":"swipe entry","data":{"branch_code":"daan","rfid":"2705784319"},"timestamp":1776566706000}
{"sessionId":"afe6bc","location":"SwipeRfidController.php:swipe","message":"campus lookup","data":{"found":true,"campusId":15},"timestamp":1776566706000}
{"sessionId":"afe6bc","location":"SwipeRfidController.php:swipe","message":"student lookup","data":{"found":false,"studentId":null},"timestamp":1776566706000}
{"sessionId":"afe6bc","location":"SwipeRfidController.php:swipe","message":"teacher lookup","data":{"found":true,"teacherId":17,"teacherCampusId":15,"swipeCampusId":15,"matchedUserCampus":false},"timestamp":1776566707000}
{"sessionId":"afe6bc","location":"SwipeRfidController.php:swipe","message":"swipe entry","data":{"branch_code":"daan","rfid":"2705784319"},"timestamp":1776566856000}
{"sessionId":"afe6bc","location":"SwipeRfidController.php:swipe","message":"campus lookup","data":{"found":true,"campusId":15},"timestamp":1776566856000}
{"sessionId":"afe6bc","location":"SwipeRfidController.php:swipe","message":"student lookup","data":{"found":false,"studentId":null},"timestamp":1776566856000}
{"sessionId":"afe6bc","location":"SwipeRfidController.php:swipe","message":"teacher lookup","data":{"found":true,"teacherId":17,"teacherCampusId":15,"swipeCampusId":15,"matchedUserCampus":false},"timestamp":1776566856000}
{"sessionId":"afe6bc","location":"SwipeRfidController.php:swipe","message":"swipe entry","data":{"branch_code":"daan","rfid":"C7B9F59D16"},"timestamp":1776566866000}
{"sessionId":"afe6bc","location":"SwipeRfidController.php:swipe","message":"campus lookup","data":{"found":true,"campusId":15},"timestamp":1776566866000}
{"sessionId":"afe6bc","location":"SwipeRfidController.php:swipe","message":"student lookup","data":{"found":true,"studentId":152},"timestamp":1776566866000}
{"sessionId":"afe6bc","location":"SwipeRfidController.php:swipe","message":"swipe entry","data":{"branch_code":"daan","rfid":"F41239BE61"},"timestamp":1776908475000}
{"sessionId":"afe6bc","location":"SwipeRfidController.php:swipe","message":"campus lookup","data":{"found":true,"campusId":15},"timestamp":1776908475000}
{"sessionId":"afe6bc","location":"SwipeRfidController.php:swipe","message":"student lookup","data":{"found":false,"studentId":null},"timestamp":1776908475000}
{"sessionId":"afe6bc","location":"SwipeRfidController.php:swipe","message":"teacher lookup","data":{"found":false,"teacherId":null,"teacherCampusId":null,"swipeCampusId":15,"matchedUserCampus":false},"timestamp":1776908475000}
