2025-11-27 08:15:32Array
(
    [message_id] => 5402
    [from] => Array
        (
            [id] => 5693322821
            [is_bot] => 
            [first_name] => CS
            [last_name] => Jason
            [username] => athbxs
            [language_code] => en
        )

    [chat] => Array
        (
            [id] => 5693322821
            [first_name] => CS
            [last_name] => Jason
            [username] => athbxs
            [type] => private
        )

    [date] => 1764202531
    [text] => /start
    [entities] => Array
        (
            [0] => Array
                (
                    [offset] => 0
                    [length] => 6
                    [type] => bot_command
                )

        )

)

2025-11-27 08:15:32select id, name, LIFFID, Client_ID, LIFF_URL, URL, TelegramToken, TelegramChatID from Campus where current = 1 
2025-11-27 08:15:32Array
(
    [id] => 11
    [name] => 新莊分校
    [LIFFID] => 1656795001-8nkzg6Xw
    [Client_ID] => Wt5N1ZlJrgKkRQwY6pueWp
    [LIFF_URL] => https://liff.line.me/1656795001-8nkzg6Xw
    [URL] => https://alltrue.xinzhuang.lifenet.com.tw
    [TelegramToken] => 7742222418:AAHkG0zeCVCuSOUcsCIuuw2F7z3LVq8dvh0
    [TelegramChatID] => -4730742630
)

2025-11-27 08:15:38select id, name, LIFFID, Client_ID, LIFF_URL, URL, TelegramToken, TelegramChatID from Campus where current = 1 
2025-11-27 08:15:38Array
(
    [id] => 11
    [name] => 新莊分校
    [LIFFID] => 1656795001-8nkzg6Xw
    [Client_ID] => Wt5N1ZlJrgKkRQwY6pueWp
    [LIFF_URL] => https://liff.line.me/1656795001-8nkzg6Xw
    [URL] => https://alltrue.xinzhuang.lifenet.com.tw
    [TelegramToken] => 7742222418:AAHkG0zeCVCuSOUcsCIuuw2F7z3LVq8dvh0
    [TelegramChatID] => -4730742630
)

2025-11-27 08:15:38select id, LineID, TelegramID, TelegramID1 from Student where name = '' and enable = 1 and CampusID = 11
2025-11-27 08:15:38 boolean 
2025-11-27 08:15:38NULL查無此學生
