2025-11-20 21:12:58Array
(
    [message_id] => 5247
    [from] => Array
        (
            [id] => 8403601196
            [is_bot] => 
            [first_name] => Lin
            [last_name] => KC
            [language_code] => zh-hans
        )

    [chat] => Array
        (
            [id] => 8403601196
            [first_name] => Lin
            [last_name] => KC
            [type] => private
        )

    [date] => 1763644377
    [text] => /start
    [entities] => Array
        (
            [0] => Array
                (
                    [offset] => 0
                    [length] => 6
                    [type] => bot_command
                )

        )

)

2025-11-20 21:12:58select id, name, LIFFID, Client_ID, LIFF_URL, URL, TelegramToken, TelegramChatID from Campus where current = 1 
2025-11-20 21:12:58Array
(
    [id] => 11
    [name] => 新莊分校
    [LIFFID] => 1656795001-8nkzg6Xw
    [Client_ID] => Wt5N1ZlJrgKkRQwY6pueWp
    [LIFF_URL] => https://liff.line.me/1656795001-8nkzg6Xw
    [URL] => https://alltrue.xinzhuang.lifenet.com.tw
    [TelegramToken] => 7742222418:AAHkG0zeCVCuSOUcsCIuuw2F7z3LVq8dvh0
    [TelegramChatID] => -4730742630
)

2025-11-20 21:13:22Array
(
    [message_id] => 5249
    [from] => Array
        (
            [id] => 8403601196
            [is_bot] => 
            [first_name] => Lin
            [last_name] => KC
            [language_code] => zh-hans
        )

    [chat] => Array
        (
            [id] => 8403601196
            [first_name] => Lin
            [last_name] => KC
            [type] => private
        )

    [date] => 1763644402
    [text] => 蔡承澔
)

2025-11-20 21:13:22select id, name, LIFFID, Client_ID, LIFF_URL, URL, TelegramToken, TelegramChatID from Campus where current = 1 
2025-11-20 21:13:22Array
(
    [id] => 11
    [name] => 新莊分校
    [LIFFID] => 1656795001-8nkzg6Xw
    [Client_ID] => Wt5N1ZlJrgKkRQwY6pueWp
    [LIFF_URL] => https://liff.line.me/1656795001-8nkzg6Xw
    [URL] => https://alltrue.xinzhuang.lifenet.com.tw
    [TelegramToken] => 7742222418:AAHkG0zeCVCuSOUcsCIuuw2F7z3LVq8dvh0
    [TelegramChatID] => -4730742630
)

2025-11-20 21:13:22select id, LineID, TelegramID, TelegramID1 from Student where name = '蔡承澔' and enable = 1 and CampusID = 11
2025-11-20 21:13:22 boolean 
2025-11-20 21:13:22string查無此學生蔡承澔
2025-11-20 21:45:44Array
(
    [message_id] => 5251
    [from] => Array
        (
            [id] => 8403601196
            [is_bot] => 
            [first_name] => Lin
            [last_name] => KC
            [language_code] => zh-hans
        )

    [chat] => Array
        (
            [id] => 8403601196
            [first_name] => Lin
            [last_name] => KC
            [type] => private
        )

    [date] => 1763646343
    [text] => 蔡承澔
)

2025-11-20 21:45:44select id, name, LIFFID, Client_ID, LIFF_URL, URL, TelegramToken, TelegramChatID from Campus where current = 1 
2025-11-20 21:45:44Array
(
    [id] => 11
    [name] => 新莊分校
    [LIFFID] => 1656795001-8nkzg6Xw
    [Client_ID] => Wt5N1ZlJrgKkRQwY6pueWp
    [LIFF_URL] => https://liff.line.me/1656795001-8nkzg6Xw
    [URL] => https://alltrue.xinzhuang.lifenet.com.tw
    [TelegramToken] => 7742222418:AAHkG0zeCVCuSOUcsCIuuw2F7z3LVq8dvh0
    [TelegramChatID] => -4730742630
)

2025-11-20 21:45:44select id, LineID, TelegramID, TelegramID1 from Student where name = '蔡承澔' and enable = 1 and CampusID = 11
2025-11-20 21:45:44 array Array
(
    [id] => 268
    [LineID] => 
    [TelegramID] => 
    [TelegramID1] => 
)

2025-11-20 21:45:44update Student  set MDT = now() , TelegramID = :TelegramID  where id = :StudentID 
2025-11-20 21:45:44蔡承澔 此學生綁定成功
2025-11-20 21:45:44Token : \n2025-11-20 21:45:44Array
(
    [update_id] => 692720163
    [message] => Array
        (
            [message_id] => 5251
            [from] => Array
                (
                    [id] => 8403601196
                    [is_bot] => 
                    [first_name] => Lin
                    [last_name] => KC
                    [language_code] => zh-hans
                )

            [chat] => Array
                (
                    [id] => 8403601196
                    [first_name] => Lin
                    [last_name] => KC
                    [type] => private
                )

            [date] => 1763646343
            [text] => 蔡承澔
        )

)
\n