2025-09-02 19:52:44Array
(
    [message_id] => 3452
    [from] => Array
        (
            [id] => 776711437
            [is_bot] => 
            [first_name] => Fefe
            [username] => gilxxy
            [language_code] => zh-hans
        )

    [chat] => Array
        (
            [id] => 776711437
            [first_name] => Fefe
            [username] => gilxxy
            [type] => private
        )

    [date] => 1756809362
    [text] => /start
    [entities] => Array
        (
            [0] => Array
                (
                    [offset] => 0
                    [length] => 6
                    [type] => bot_command
                )

        )

)

2025-09-02 19:52:44select id, name, LIFFID, Client_ID, LIFF_URL, URL, TelegramToken, TelegramChatID from Campus where current = 1 
2025-09-02 19:52:44Array
(
    [id] => 11
    [name] => 新莊分校
    [LIFFID] => 1656795001-8nkzg6Xw
    [Client_ID] => Wt5N1ZlJrgKkRQwY6pueWp
    [LIFF_URL] => https://liff.line.me/1656795001-8nkzg6Xw
    [URL] => https://alltrue.xinzhuang.lifenet.com.tw
    [TelegramToken] => 7742222418:AAHkG0zeCVCuSOUcsCIuuw2F7z3LVq8dvh0
    [TelegramChatID] => -4730742630
)

2025-09-02 19:52:45Array
(
    [message_id] => 3453
    [from] => Array
        (
            [id] => 776711437
            [is_bot] => 
            [first_name] => Fefe
            [username] => gilxxy
            [language_code] => zh-hans
        )

    [chat] => Array
        (
            [id] => 776711437
            [first_name] => Fefe
            [username] => gilxxy
            [type] => private
        )

    [date] => 1756809376
    [text] => 吳康媞
)

2025-09-02 19:52:45select id, name, LIFFID, Client_ID, LIFF_URL, URL, TelegramToken, TelegramChatID from Campus where current = 1 
2025-09-02 19:52:45Array
(
    [id] => 11
    [name] => 新莊分校
    [LIFFID] => 1656795001-8nkzg6Xw
    [Client_ID] => Wt5N1ZlJrgKkRQwY6pueWp
    [LIFF_URL] => https://liff.line.me/1656795001-8nkzg6Xw
    [URL] => https://alltrue.xinzhuang.lifenet.com.tw
    [TelegramToken] => 7742222418:AAHkG0zeCVCuSOUcsCIuuw2F7z3LVq8dvh0
    [TelegramChatID] => -4730742630
)

2025-09-02 19:52:45select id, LineID, TelegramID, TelegramID1 from Student where name = '吳康媞' and enable = 1 and CampusID = 11
2025-09-02 19:52:45 array Array
(
    [id] => 258
    [LineID] => 
    [TelegramID] => 
    [TelegramID1] => 
)

2025-09-02 19:52:45update Student  set MDT = now() , TelegramID = :TelegramID  where id = :StudentID 
2025-09-02 19:52:45吳康媞 此學生綁定成功
2025-09-02 19:52:45Token : \n2025-09-02 19:52:45Array
(
    [update_id] => 692720155
    [message] => Array
        (
            [message_id] => 3453
            [from] => Array
                (
                    [id] => 776711437
                    [is_bot] => 
                    [first_name] => Fefe
                    [username] => gilxxy
                    [language_code] => zh-hans
                )

            [chat] => Array
                (
                    [id] => 776711437
                    [first_name] => Fefe
                    [username] => gilxxy
                    [type] => private
                )

            [date] => 1756809376
            [text] => 吳康媞
        )

)
\n2025-09-02 19:52:47Array
(
    [message_id] => 3454
    [from] => Array
        (
            [id] => 776711437
            [is_bot] => 
            [first_name] => Fefe
            [username] => gilxxy
            [language_code] => zh-hans
        )

    [chat] => Array
        (
            [id] => 776711437
            [first_name] => Fefe
            [username] => gilxxy
            [type] => private
        )

    [date] => 1756809399
    [text] => 吳康媞
)

2025-09-02 19:52:47select id, name, LIFFID, Client_ID, LIFF_URL, URL, TelegramToken, TelegramChatID from Campus where current = 1 
2025-09-02 19:52:47Array
(
    [id] => 11
    [name] => 新莊分校
    [LIFFID] => 1656795001-8nkzg6Xw
    [Client_ID] => Wt5N1ZlJrgKkRQwY6pueWp
    [LIFF_URL] => https://liff.line.me/1656795001-8nkzg6Xw
    [URL] => https://alltrue.xinzhuang.lifenet.com.tw
    [TelegramToken] => 7742222418:AAHkG0zeCVCuSOUcsCIuuw2F7z3LVq8dvh0
    [TelegramChatID] => -4730742630
)

2025-09-02 19:52:47select id, LineID, TelegramID, TelegramID1 from Student where name = '吳康媞' and enable = 1 and CampusID = 11
2025-09-02 19:52:47 array Array
(
    [id] => 258
    [LineID] => 
    [TelegramID] => 776711437
    [TelegramID1] => 
)

2025-09-02 19:52:47吳康媞 此學生已綁定
2025-09-02 19:52:49Array
(
    [message_id] => 3455
    [from] => Array
        (
            [id] => 776711437
            [is_bot] => 
            [first_name] => Fefe
            [username] => gilxxy
            [language_code] => zh-hans
        )

    [chat] => Array
        (
            [id] => 776711437
            [first_name] => Fefe
            [username] => gilxxy
            [type] => private
        )

    [date] => 1756809426
    [text] => 吳康媞
)

2025-09-02 19:52:49select id, name, LIFFID, Client_ID, LIFF_URL, URL, TelegramToken, TelegramChatID from Campus where current = 1 
2025-09-02 19:52:49Array
(
    [id] => 11
    [name] => 新莊分校
    [LIFFID] => 1656795001-8nkzg6Xw
    [Client_ID] => Wt5N1ZlJrgKkRQwY6pueWp
    [LIFF_URL] => https://liff.line.me/1656795001-8nkzg6Xw
    [URL] => https://alltrue.xinzhuang.lifenet.com.tw
    [TelegramToken] => 7742222418:AAHkG0zeCVCuSOUcsCIuuw2F7z3LVq8dvh0
    [TelegramChatID] => -4730742630
)

2025-09-02 19:52:49select id, LineID, TelegramID, TelegramID1 from Student where name = '吳康媞' and enable = 1 and CampusID = 11
2025-09-02 19:52:49 array Array
(
    [id] => 258
    [LineID] => 
    [TelegramID] => 776711437
    [TelegramID1] => 
)

2025-09-02 19:52:49吳康媞 此學生已綁定
