2025-03-28 12:32:38Array
(
    [message_id] => 194
    [from] => Array
        (
            [id] => 7895941964
            [is_bot] => 
            [first_name] => Tsai
            [last_name] => Peichun
            [language_code] => zh-hans
        )

    [chat] => Array
        (
            [id] => 7895941964
            [first_name] => Tsai
            [last_name] => Peichun
            [type] => private
        )

    [date] => 1743136357
    [text] => /start
    [entities] => Array
        (
            [0] => Array
                (
                    [offset] => 0
                    [length] => 6
                    [type] => bot_command
                )

        )

)

2025-03-28 12:32:38select id, name, LIFFID, Client_ID, LIFF_URL, URL, TelegramToken, TelegramChatID from Campus where current = 1 
2025-03-28 12:32:38Array
(
    [id] => 11
    [name] => 新莊分校
    [LIFFID] => 1656795001-8nkzg6Xw
    [Client_ID] => Wt5N1ZlJrgKkRQwY6pueWp
    [LIFF_URL] => https://liff.line.me/1656795001-8nkzg6Xw
    [URL] => https://alltrue.xinzhuang.lifenet.com.tw
    [TelegramToken] => 7742222418:AAHkG0zeCVCuSOUcsCIuuw2F7z3LVq8dvh0
    [TelegramChatID] => -4730742630
)

2025-03-28 12:32:57Array
(
    [message_id] => 196
    [from] => Array
        (
            [id] => 7895941964
            [is_bot] => 
            [first_name] => Tsai
            [last_name] => Peichun
            [language_code] => zh-hans
        )

    [chat] => Array
        (
            [id] => 7895941964
            [first_name] => Tsai
            [last_name] => Peichun
            [type] => private
        )

    [date] => 1743136377
    [text] => 吳承翰
)

2025-03-28 12:32:57select id, name, LIFFID, Client_ID, LIFF_URL, URL, TelegramToken, TelegramChatID from Campus where current = 1 
2025-03-28 12:32:57Array
(
    [id] => 11
    [name] => 新莊分校
    [LIFFID] => 1656795001-8nkzg6Xw
    [Client_ID] => Wt5N1ZlJrgKkRQwY6pueWp
    [LIFF_URL] => https://liff.line.me/1656795001-8nkzg6Xw
    [URL] => https://alltrue.xinzhuang.lifenet.com.tw
    [TelegramToken] => 7742222418:AAHkG0zeCVCuSOUcsCIuuw2F7z3LVq8dvh0
    [TelegramChatID] => -4730742630
)

2025-03-28 12:32:57select id, LineID, TelegramID, TelegramID1 from Student where name = '吳承翰' and enable = 1 and CampusID = 11
2025-03-28 12:32:57 array Array
(
    [id] => 217
    [LineID] => U110c175744a1f32fdedbc0312f3cbe21
    [TelegramID] => 
    [TelegramID1] => 
)

2025-03-28 12:32:57update Student  set MDT = now() , TelegramID = :TelegramID  where id = :StudentID 
2025-03-28 12:32:57吳承翰 此學生綁定成功
2025-03-28 12:32:57Token : \n2025-03-28 12:32:57Array
(
    [update_id] => 692720099
    [message] => Array
        (
            [message_id] => 196
            [from] => Array
                (
                    [id] => 7895941964
                    [is_bot] => 
                    [first_name] => Tsai
                    [last_name] => Peichun
                    [language_code] => zh-hans
                )

            [chat] => Array
                (
                    [id] => 7895941964
                    [first_name] => Tsai
                    [last_name] => Peichun
                    [type] => private
                )

            [date] => 1743136377
            [text] => 吳承翰
        )

)
\n2025-03-28 18:04:31Array
(
    [message_id] => 203
    [from] => Array
        (
            [id] => 7073400888
            [is_bot] => 
            [first_name] => 宥慈
            [last_name] => 錡
            [language_code] => zh-hans
        )

    [chat] => Array
        (
            [id] => 7073400888
            [first_name] => 宥慈
            [last_name] => 錡
            [type] => private
        )

    [date] => 1743156270
    [text] => 育恩到班了嗎？
)

2025-03-28 18:04:31select id, name, LIFFID, Client_ID, LIFF_URL, URL, TelegramToken, TelegramChatID from Campus where current = 1 
2025-03-28 18:04:31Array
(
    [id] => 11
    [name] => 新莊分校
    [LIFFID] => 1656795001-8nkzg6Xw
    [Client_ID] => Wt5N1ZlJrgKkRQwY6pueWp
    [LIFF_URL] => https://liff.line.me/1656795001-8nkzg6Xw
    [URL] => https://alltrue.xinzhuang.lifenet.com.tw
    [TelegramToken] => 7742222418:AAHkG0zeCVCuSOUcsCIuuw2F7z3LVq8dvh0
    [TelegramChatID] => -4730742630
)

2025-03-28 18:04:31select id, LineID, TelegramID, TelegramID1 from Student where name = '育恩到班了嗎？' and enable = 1 and CampusID = 11
2025-03-28 18:04:31 boolean 
2025-03-28 18:04:31string查無此學生育恩到班了嗎？
