2025-04-06 10:42:39Array
(
    [message_id] => 376
    [from] => Array
        (
            [id] => 7582511994
            [is_bot] => 
            [first_name] => 邱
            [last_name] => 怡瑄
            [language_code] => zh-hans
        )

    [chat] => Array
        (
            [id] => 7582511994
            [first_name] => 邱
            [last_name] => 怡瑄
            [type] => private
        )

    [date] => 1743907358
    [text] => /start
    [entities] => Array
        (
            [0] => Array
                (
                    [offset] => 0
                    [length] => 6
                    [type] => bot_command
                )

        )

)

2025-04-06 10:42:39select id, name, LIFFID, Client_ID, LIFF_URL, URL, TelegramToken, TelegramChatID from Campus where current = 1 
2025-04-06 10:42:39Array
(
    [id] => 11
    [name] => 新莊分校
    [LIFFID] => 1656795001-8nkzg6Xw
    [Client_ID] => Wt5N1ZlJrgKkRQwY6pueWp
    [LIFF_URL] => https://liff.line.me/1656795001-8nkzg6Xw
    [URL] => https://alltrue.xinzhuang.lifenet.com.tw
    [TelegramToken] => 7742222418:AAHkG0zeCVCuSOUcsCIuuw2F7z3LVq8dvh0
    [TelegramChatID] => -4730742630
)

2025-04-06 10:42:46Array
(
    [message_id] => 378
    [from] => Array
        (
            [id] => 7582511994
            [is_bot] => 
            [first_name] => 邱
            [last_name] => 怡瑄
            [language_code] => zh-hans
        )

    [chat] => Array
        (
            [id] => 7582511994
            [first_name] => 邱
            [last_name] => 怡瑄
            [type] => private
        )

    [date] => 1743907365
    [text] => 邱怡瑄
)

2025-04-06 10:42:46select id, name, LIFFID, Client_ID, LIFF_URL, URL, TelegramToken, TelegramChatID from Campus where current = 1 
2025-04-06 10:42:46Array
(
    [id] => 11
    [name] => 新莊分校
    [LIFFID] => 1656795001-8nkzg6Xw
    [Client_ID] => Wt5N1ZlJrgKkRQwY6pueWp
    [LIFF_URL] => https://liff.line.me/1656795001-8nkzg6Xw
    [URL] => https://alltrue.xinzhuang.lifenet.com.tw
    [TelegramToken] => 7742222418:AAHkG0zeCVCuSOUcsCIuuw2F7z3LVq8dvh0
    [TelegramChatID] => -4730742630
)

2025-04-06 10:42:46select id, LineID, TelegramID, TelegramID1 from Student where name = '邱怡瑄' and enable = 1 and CampusID = 11
2025-04-06 10:42:46 array Array
(
    [id] => 114
    [LineID] => Uefd3e7a3db34dae60feac15cab5cfdd1
    [TelegramID] => 
    [TelegramID1] => 
)

2025-04-06 10:42:46update Student  set MDT = now() , TelegramID = :TelegramID  where id = :StudentID 
2025-04-06 10:42:46邱怡瑄 此學生綁定成功
2025-04-06 10:42:46Token : \n2025-04-06 10:42:46Array
(
    [update_id] => 692720119
    [message] => Array
        (
            [message_id] => 378
            [from] => Array
                (
                    [id] => 7582511994
                    [is_bot] => 
                    [first_name] => 邱
                    [last_name] => 怡瑄
                    [language_code] => zh-hans
                )

            [chat] => Array
                (
                    [id] => 7582511994
                    [first_name] => 邱
                    [last_name] => 怡瑄
                    [type] => private
                )

            [date] => 1743907365
            [text] => 邱怡瑄
        )

)
\n