2025-04-15 20:08:18Array
(
    [message_id] => 637
    [from] => Array
        (
            [id] => 7543667698
            [is_bot] => 
            [first_name] => Moni
            [last_name] => Chiang
            [language_code] => zh-hans
        )

    [chat] => Array
        (
            [id] => 7543667698
            [first_name] => Moni
            [last_name] => Chiang
            [type] => private
        )

    [date] => 1744718897
    [text] => /start
    [entities] => Array
        (
            [0] => Array
                (
                    [offset] => 0
                    [length] => 6
                    [type] => bot_command
                )

        )

)

2025-04-15 20:08:18select id, name, LIFFID, Client_ID, LIFF_URL, URL, TelegramToken, TelegramChatID from Campus where current = 1 
2025-04-15 20:08:18Array
(
    [id] => 11
    [name] => 新莊分校
    [LIFFID] => 1656795001-8nkzg6Xw
    [Client_ID] => Wt5N1ZlJrgKkRQwY6pueWp
    [LIFF_URL] => https://liff.line.me/1656795001-8nkzg6Xw
    [URL] => https://alltrue.xinzhuang.lifenet.com.tw
    [TelegramToken] => 7742222418:AAHkG0zeCVCuSOUcsCIuuw2F7z3LVq8dvh0
    [TelegramChatID] => -4730742630
)

2025-04-15 20:08:23Array
(
    [message_id] => 639
    [from] => Array
        (
            [id] => 7543667698
            [is_bot] => 
            [first_name] => Moni
            [last_name] => Chiang
            [language_code] => zh-hans
        )

    [chat] => Array
        (
            [id] => 7543667698
            [first_name] => Moni
            [last_name] => Chiang
            [type] => private
        )

    [date] => 1744718903
    [text] => 許芯愷
)

2025-04-15 20:08:23select id, name, LIFFID, Client_ID, LIFF_URL, URL, TelegramToken, TelegramChatID from Campus where current = 1 
2025-04-15 20:08:23Array
(
    [id] => 11
    [name] => 新莊分校
    [LIFFID] => 1656795001-8nkzg6Xw
    [Client_ID] => Wt5N1ZlJrgKkRQwY6pueWp
    [LIFF_URL] => https://liff.line.me/1656795001-8nkzg6Xw
    [URL] => https://alltrue.xinzhuang.lifenet.com.tw
    [TelegramToken] => 7742222418:AAHkG0zeCVCuSOUcsCIuuw2F7z3LVq8dvh0
    [TelegramChatID] => -4730742630
)

2025-04-15 20:08:23select id, LineID, TelegramID, TelegramID1 from Student where name = '許芯愷' and enable = 1 and CampusID = 11
2025-04-15 20:08:23 array Array
(
    [id] => 189
    [LineID] => U7fdd189f97655402913a8f0389731413
    [TelegramID] => 
    [TelegramID1] => 
)

2025-04-15 20:08:23update Student  set MDT = now() , TelegramID = :TelegramID  where id = :StudentID 
2025-04-15 20:08:23許芯愷 此學生綁定成功
2025-04-15 20:08:23Token : \n2025-04-15 20:08:23Array
(
    [update_id] => 692720129
    [message] => Array
        (
            [message_id] => 639
            [from] => Array
                (
                    [id] => 7543667698
                    [is_bot] => 
                    [first_name] => Moni
                    [last_name] => Chiang
                    [language_code] => zh-hans
                )

            [chat] => Array
                (
                    [id] => 7543667698
                    [first_name] => Moni
                    [last_name] => Chiang
                    [type] => private
                )

            [date] => 1744718903
            [text] => 許芯愷
        )

)
\n