2025-03-30 21:02:03Array
(
    [message_id] => 258
    [from] => Array
        (
            [id] => 8197794398
            [is_bot] => 
            [first_name] => Rebecca
            [last_name] => Huang
            [language_code] => zh-hans
        )

    [chat] => Array
        (
            [id] => 8197794398
            [first_name] => Rebecca
            [last_name] => Huang
            [type] => private
        )

    [date] => 1743339722
    [text] => /start
    [entities] => Array
        (
            [0] => Array
                (
                    [offset] => 0
                    [length] => 6
                    [type] => bot_command
                )

        )

)

2025-03-30 21:02:03select id, name, LIFFID, Client_ID, LIFF_URL, URL, TelegramToken, TelegramChatID from Campus where current = 1 
2025-03-30 21:02:03Array
(
    [id] => 11
    [name] => 新莊分校
    [LIFFID] => 1656795001-8nkzg6Xw
    [Client_ID] => Wt5N1ZlJrgKkRQwY6pueWp
    [LIFF_URL] => https://liff.line.me/1656795001-8nkzg6Xw
    [URL] => https://alltrue.xinzhuang.lifenet.com.tw
    [TelegramToken] => 7742222418:AAHkG0zeCVCuSOUcsCIuuw2F7z3LVq8dvh0
    [TelegramChatID] => -4730742630
)

2025-03-30 21:02:15Array
(
    [message_id] => 260
    [from] => Array
        (
            [id] => 8197794398
            [is_bot] => 
            [first_name] => Rebecca
            [last_name] => Huang
            [language_code] => zh-hans
        )

    [chat] => Array
        (
            [id] => 8197794398
            [first_name] => Rebecca
            [last_name] => Huang
            [type] => private
        )

    [date] => 1743339735
    [text] => 黃琬晴
)

2025-03-30 21:02:15select id, name, LIFFID, Client_ID, LIFF_URL, URL, TelegramToken, TelegramChatID from Campus where current = 1 
2025-03-30 21:02:15Array
(
    [id] => 11
    [name] => 新莊分校
    [LIFFID] => 1656795001-8nkzg6Xw
    [Client_ID] => Wt5N1ZlJrgKkRQwY6pueWp
    [LIFF_URL] => https://liff.line.me/1656795001-8nkzg6Xw
    [URL] => https://alltrue.xinzhuang.lifenet.com.tw
    [TelegramToken] => 7742222418:AAHkG0zeCVCuSOUcsCIuuw2F7z3LVq8dvh0
    [TelegramChatID] => -4730742630
)

2025-03-30 21:02:15select id, LineID, TelegramID, TelegramID1 from Student where name = '黃琬晴' and enable = 1 and CampusID = 11
2025-03-30 21:02:15 array Array
(
    [id] => 223
    [LineID] => Ub08dff1e9ab1437c249700446dab5c3d
    [TelegramID] => 
    [TelegramID1] => 
)

2025-03-30 21:02:15update Student  set MDT = now() , TelegramID = :TelegramID  where id = :StudentID 
2025-03-30 21:02:15黃琬晴 此學生綁定成功
2025-03-30 21:02:15Token : \n2025-03-30 21:02:15Array
(
    [update_id] => 692720107
    [message] => Array
        (
            [message_id] => 260
            [from] => Array
                (
                    [id] => 8197794398
                    [is_bot] => 
                    [first_name] => Rebecca
                    [last_name] => Huang
                    [language_code] => zh-hans
                )

            [chat] => Array
                (
                    [id] => 8197794398
                    [first_name] => Rebecca
                    [last_name] => Huang
                    [type] => private
                )

            [date] => 1743339735
            [text] => 黃琬晴
        )

)
\n