2025-03-09 08:30:17select id, name, LIFFID, Client_ID, LIFF_URL, URL, TelegramToken, TelegramChatID from Campus where current = 1 
2025-03-09 08:30:17Array
(
    [id] => 8
    [name] => 敦化分校
    [LIFFID] => 1656730530-yPQ436Q9
    [Client_ID] => tgsz3MUfcjq9h9aY5GoKJH
    [LIFF_URL] => https://liff.line.me/1656730530-yPQ436Q9
    [URL] => https://alltrue.dunhua.lifenet.com.tw
    [TelegramToken] => 
    [TelegramChatID] => 0
)

2025-03-09 08:33:39select id, name, LIFFID, Client_ID, LIFF_URL, URL, TelegramToken, TelegramChatID from Campus where current = 1 
2025-03-09 08:33:39Array
(
    [id] => 8
    [name] => 敦化分校
    [LIFFID] => 1656730530-yPQ436Q9
    [Client_ID] => tgsz3MUfcjq9h9aY5GoKJH
    [LIFF_URL] => https://liff.line.me/1656730530-yPQ436Q9
    [URL] => https://alltrue.dunhua.lifenet.com.tw
    [TelegramToken] => 7536315728:AAG2FBjPd2wQU9vjpLPtOZoWgmw9BgNZFLI
    [TelegramChatID] => 
)

2025-03-09 08:34:49select id, name, LIFFID, Client_ID, LIFF_URL, URL, TelegramToken, TelegramChatID from Campus where current = 1 
2025-03-09 08:34:49Array
(
    [id] => 8
    [name] => 敦化分校
    [LIFFID] => 1656730530-yPQ436Q9
    [Client_ID] => tgsz3MUfcjq9h9aY5GoKJH
    [LIFF_URL] => https://liff.line.me/1656730530-yPQ436Q9
    [URL] => https://alltrue.dunhua.lifenet.com.tw
    [TelegramToken] => 7536315728:AAG2FBjPd2wQU9vjpLPtOZoWgmw9BgNZFLI
    [TelegramChatID] => 
)

2025-03-09 08:34:49select id, LineID, TelegramID, TelegramID1 from Student where name = '鄭瑛慧' and enable = 1 and CampusID = 8
2025-03-09 08:34:49 boolean 
2025-03-09 08:34:49string查無此學生鄭瑛慧
2025-03-09 08:35:24select id, name, LIFFID, Client_ID, LIFF_URL, URL, TelegramToken, TelegramChatID from Campus where current = 1 
2025-03-09 08:35:24Array
(
    [id] => 8
    [name] => 敦化分校
    [LIFFID] => 1656730530-yPQ436Q9
    [Client_ID] => tgsz3MUfcjq9h9aY5GoKJH
    [LIFF_URL] => https://liff.line.me/1656730530-yPQ436Q9
    [URL] => https://alltrue.dunhua.lifenet.com.tw
    [TelegramToken] => 7536315728:AAG2FBjPd2wQU9vjpLPtOZoWgmw9BgNZFLI
    [TelegramChatID] => 
)

2025-03-09 08:35:24select id, LineID, TelegramID, TelegramID1 from Student where name = '徐睿宏' and enable = 1 and CampusID = 8
2025-03-09 08:35:24 array Array
(
    [id] => 248
    [LineID] => 
    [TelegramID] => 
    [TelegramID1] => 
)

2025-03-09 08:35:24update Student  set MDT = now() , TelegramID = :TelegramID  where id = :StudentID 
2025-03-09 08:35:24徐睿宏 此學生綁定成功
2025-03-09 08:35:24Token : \n2025-03-09 08:35:24Array
(
    [update_id] => 267050202
    [message] => Array
        (
            [message_id] => 7
            [from] => Array
                (
                    [id] => 5614009065
                    [is_bot] => 
                    [first_name] => Jerry
                    [language_code] => zh-hans
                )

            [chat] => Array
                (
                    [id] => 5614009065
                    [first_name] => Jerry
                    [type] => private
                )

            [date] => 1741480523
            [text] => 徐睿宏
        )

)
\n2025-03-09 08:36:11select id, name, LIFFID, Client_ID, LIFF_URL, URL, TelegramToken, TelegramChatID from Campus where current = 1 
2025-03-09 08:36:11Array
(
    [id] => 8
    [name] => 敦化分校
    [LIFFID] => 1656730530-yPQ436Q9
    [Client_ID] => tgsz3MUfcjq9h9aY5GoKJH
    [LIFF_URL] => https://liff.line.me/1656730530-yPQ436Q9
    [URL] => https://alltrue.dunhua.lifenet.com.tw
    [TelegramToken] => 7536315728:AAG2FBjPd2wQU9vjpLPtOZoWgmw9BgNZFLI
    [TelegramChatID] => 
)

2025-03-09 08:36:11select id, LineID, TelegramID, TelegramID1 from Student where name = '徐睿宏' and enable = 1 and CampusID = 8
2025-03-09 08:36:11 array Array
(
    [id] => 248
    [LineID] => 
    [TelegramID] => 5614009065
    [TelegramID1] => 
)

2025-03-09 08:36:11徐睿宏 此學生已綁定
