2025-03-20 15:30:30Array
(
    [message_id] => 1
    [from] => Array
        (
            [id] => 5614009065
            [is_bot] => 
            [first_name] => Jerry
            [language_code] => zh-hans
        )

    [chat] => Array
        (
            [id] => 5614009065
            [first_name] => Jerry
            [type] => private
        )

    [date] => 1742455829
    [text] => /start
    [entities] => Array
        (
            [0] => Array
                (
                    [offset] => 0
                    [length] => 6
                    [type] => bot_command
                )

        )

)

2025-03-20 15:30:30select id, name, LIFFID, Client_ID, LIFF_URL, URL, TelegramToken, TelegramChatID from Campus where current = 1 
2025-03-20 15:30:30Array
(
    [id] => 11
    [name] => 新莊分校
    [LIFFID] => 1656795001-8nkzg6Xw
    [Client_ID] => Wt5N1ZlJrgKkRQwY6pueWp
    [LIFF_URL] => https://liff.line.me/1656795001-8nkzg6Xw
    [URL] => https://alltrue.xinzhuang.lifenet.com.tw
    [TelegramToken] => 
    [TelegramChatID] => 
)

2025-03-20 15:37:24Array
(
    [message_id] => 2
    [from] => Array
        (
            [id] => 5614009065
            [is_bot] => 
            [first_name] => Jerry
            [language_code] => zh-hans
        )

    [chat] => Array
        (
            [id] => 5614009065
            [first_name] => Jerry
            [type] => private
        )

    [date] => 1742456244
    [text] => /start
    [entities] => Array
        (
            [0] => Array
                (
                    [offset] => 0
                    [length] => 6
                    [type] => bot_command
                )

        )

)

2025-03-20 15:37:24select id, name, LIFFID, Client_ID, LIFF_URL, URL, TelegramToken, TelegramChatID from Campus where current = 1 
2025-03-20 15:37:24Array
(
    [id] => 11
    [name] => 新莊分校
    [LIFFID] => 1656795001-8nkzg6Xw
    [Client_ID] => Wt5N1ZlJrgKkRQwY6pueWp
    [LIFF_URL] => https://liff.line.me/1656795001-8nkzg6Xw
    [URL] => https://alltrue.xinzhuang.lifenet.com.tw
    [TelegramToken] => 7742222418:AAHkG0zeCVCuSOUcsCIuuw2F7z3LVq8dvh0
    [TelegramChatID] => 
)

2025-03-20 16:20:27select id, name, LIFFID, Client_ID, LIFF_URL, URL, TelegramToken, TelegramChatID from Campus where current = 1 
2025-03-20 16:20:27Array
(
    [id] => 11
    [name] => 新莊分校
    [LIFFID] => 1656795001-8nkzg6Xw
    [Client_ID] => Wt5N1ZlJrgKkRQwY6pueWp
    [LIFF_URL] => https://liff.line.me/1656795001-8nkzg6Xw
    [URL] => https://alltrue.xinzhuang.lifenet.com.tw
    [TelegramToken] => 7742222418:AAHkG0zeCVCuSOUcsCIuuw2F7z3LVq8dvh0
    [TelegramChatID] => 
)

2025-03-20 16:20:27select id, LineID, TelegramID, TelegramID1 from Student where name = '' and enable = 1 and CampusID = 11
2025-03-20 16:20:27 boolean 
2025-03-20 16:20:27NULL查無此學生
2025-03-20 16:20:28Array
(
    [message_id] => 4
    [from] => Array
        (
            [id] => 5614009065
            [is_bot] => 
            [first_name] => Jerry
            [language_code] => zh-hans
        )

    [chat] => Array
        (
            [id] => -4730742630
            [title] => 新莊老師刷卡
            [type] => group
            [all_members_are_administrators] => 1
        )

    [date] => 1742458826
    [new_chat_participant] => Array
        (
            [id] => 7742222418
            [is_bot] => 1
            [first_name] => 全真一對一補習班-新莊分校
            [username] => Alltrue_Xinzhuang_Bot
        )

    [new_chat_member] => Array
        (
            [id] => 7742222418
            [is_bot] => 1
            [first_name] => 全真一對一補習班-新莊分校
            [username] => Alltrue_Xinzhuang_Bot
        )

    [new_chat_members] => Array
        (
            [0] => Array
                (
                    [id] => 7742222418
                    [is_bot] => 1
                    [first_name] => 全真一對一補習班-新莊分校
                    [username] => Alltrue_Xinzhuang_Bot
                )

        )

)

2025-03-20 16:20:28select id, name, LIFFID, Client_ID, LIFF_URL, URL, TelegramToken, TelegramChatID from Campus where current = 1 
2025-03-20 16:20:28Array
(
    [id] => 11
    [name] => 新莊分校
    [LIFFID] => 1656795001-8nkzg6Xw
    [Client_ID] => Wt5N1ZlJrgKkRQwY6pueWp
    [LIFF_URL] => https://liff.line.me/1656795001-8nkzg6Xw
    [URL] => https://alltrue.xinzhuang.lifenet.com.tw
    [TelegramToken] => 7742222418:AAHkG0zeCVCuSOUcsCIuuw2F7z3LVq8dvh0
    [TelegramChatID] => 
)

2025-03-20 16:20:28select id, LineID, TelegramID, TelegramID1 from Student where name = '' and enable = 1 and CampusID = 11
2025-03-20 16:20:28 boolean 
2025-03-20 16:20:28NULL查無此學生
2025-03-20 16:21:04select id, name, LIFFID, Client_ID, LIFF_URL, URL, TelegramToken, TelegramChatID from Campus where current = 1 
2025-03-20 16:21:04Array
(
    [id] => 11
    [name] => 新莊分校
    [LIFFID] => 1656795001-8nkzg6Xw
    [Client_ID] => Wt5N1ZlJrgKkRQwY6pueWp
    [LIFF_URL] => https://liff.line.me/1656795001-8nkzg6Xw
    [URL] => https://alltrue.xinzhuang.lifenet.com.tw
    [TelegramToken] => 7742222418:AAHkG0zeCVCuSOUcsCIuuw2F7z3LVq8dvh0
    [TelegramChatID] => 
)

2025-03-20 16:21:04select id, LineID, TelegramID, TelegramID1 from Student where name = '' and enable = 1 and CampusID = 11
2025-03-20 16:21:04 boolean 
2025-03-20 16:21:04NULL查無此學生
2025-03-20 18:34:52Array
(
    [message_id] => 6
    [from] => Array
        (
            [id] => 7722128306
            [is_bot] => 
            [first_name] => Hsin En
        )

    [chat] => Array
        (
            [id] => -4730742630
            [title] => 新莊老師刷卡
            [type] => group
            [all_members_are_administrators] => 1
        )

    [date] => 1742466892
    [new_chat_participant] => Array
        (
            [id] => 7722128306
            [is_bot] => 
            [first_name] => Hsin En
        )

    [new_chat_member] => Array
        (
            [id] => 7722128306
            [is_bot] => 
            [first_name] => Hsin En
        )

    [new_chat_members] => Array
        (
            [0] => Array
                (
                    [id] => 7722128306
                    [is_bot] => 
                    [first_name] => Hsin En
                )

        )

)

2025-03-20 18:34:52select id, name, LIFFID, Client_ID, LIFF_URL, URL, TelegramToken, TelegramChatID from Campus where current = 1 
2025-03-20 18:34:52Array
(
    [id] => 11
    [name] => 新莊分校
    [LIFFID] => 1656795001-8nkzg6Xw
    [Client_ID] => Wt5N1ZlJrgKkRQwY6pueWp
    [LIFF_URL] => https://liff.line.me/1656795001-8nkzg6Xw
    [URL] => https://alltrue.xinzhuang.lifenet.com.tw
    [TelegramToken] => 7742222418:AAHkG0zeCVCuSOUcsCIuuw2F7z3LVq8dvh0
    [TelegramChatID] => 
)

2025-03-20 18:34:52select id, LineID, TelegramID, TelegramID1 from Student where name = '' and enable = 1 and CampusID = 11
2025-03-20 18:34:52 boolean 
2025-03-20 18:34:52NULL查無此學生
2025-03-20 22:54:15Array
(
    [message_id] => 22
    [from] => Array
        (
            [id] => 8034121179
            [is_bot] => 
            [first_name] => 侯
        )

    [chat] => Array
        (
            [id] => -4730742630
            [title] => 新莊老師刷卡
            [type] => group
            [all_members_are_administrators] => 1
        )

    [date] => 1742482455
    [new_chat_participant] => Array
        (
            [id] => 8034121179
            [is_bot] => 
            [first_name] => 侯
        )

    [new_chat_member] => Array
        (
            [id] => 8034121179
            [is_bot] => 
            [first_name] => 侯
        )

    [new_chat_members] => Array
        (
            [0] => Array
                (
                    [id] => 8034121179
                    [is_bot] => 
                    [first_name] => 侯
                )

        )

)

2025-03-20 22:54:15select id, name, LIFFID, Client_ID, LIFF_URL, URL, TelegramToken, TelegramChatID from Campus where current = 1 
2025-03-20 22:54:15Array
(
    [id] => 11
    [name] => 新莊分校
    [LIFFID] => 1656795001-8nkzg6Xw
    [Client_ID] => Wt5N1ZlJrgKkRQwY6pueWp
    [LIFF_URL] => https://liff.line.me/1656795001-8nkzg6Xw
    [URL] => https://alltrue.xinzhuang.lifenet.com.tw
    [TelegramToken] => 7742222418:AAHkG0zeCVCuSOUcsCIuuw2F7z3LVq8dvh0
    [TelegramChatID] => -4730742630
)

2025-03-20 22:54:15select id, LineID, TelegramID, TelegramID1 from Student where name = '' and enable = 1 and CampusID = 11
2025-03-20 22:54:15 boolean 
2025-03-20 22:54:15NULL查無此學生
