2025-04-05 10:04:08Array
(
    [message_id] => 354
    [from] => Array
        (
            [id] => 7223680741
            [is_bot] => 
            [first_name] => Randall
            [last_name] => Huang
            [language_code] => zh-hans
        )

    [chat] => Array
        (
            [id] => 7223680741
            [first_name] => Randall
            [last_name] => Huang
            [type] => private
        )

    [date] => 1743818648
    [text] => /start
    [entities] => Array
        (
            [0] => Array
                (
                    [offset] => 0
                    [length] => 6
                    [type] => bot_command
                )

        )

)

2025-04-05 10:04:08select id, name, LIFFID, Client_ID, LIFF_URL, URL, TelegramToken, TelegramChatID from Campus where current = 1 
2025-04-05 10:04:08Array
(
    [id] => 11
    [name] => 新莊分校
    [LIFFID] => 1656795001-8nkzg6Xw
    [Client_ID] => Wt5N1ZlJrgKkRQwY6pueWp
    [LIFF_URL] => https://liff.line.me/1656795001-8nkzg6Xw
    [URL] => https://alltrue.xinzhuang.lifenet.com.tw
    [TelegramToken] => 7742222418:AAHkG0zeCVCuSOUcsCIuuw2F7z3LVq8dvh0
    [TelegramChatID] => -4730742630
)

2025-04-05 10:04:30Array
(
    [message_id] => 356
    [from] => Array
        (
            [id] => 7223680741
            [is_bot] => 
            [first_name] => Randall
            [last_name] => Huang
            [language_code] => zh-hans
        )

    [chat] => Array
        (
            [id] => 7223680741
            [first_name] => Randall
            [last_name] => Huang
            [type] => private
        )

    [date] => 1743818670
    [text] => 黃奕翔
)

2025-04-05 10:04:30select id, name, LIFFID, Client_ID, LIFF_URL, URL, TelegramToken, TelegramChatID from Campus where current = 1 
2025-04-05 10:04:30Array
(
    [id] => 11
    [name] => 新莊分校
    [LIFFID] => 1656795001-8nkzg6Xw
    [Client_ID] => Wt5N1ZlJrgKkRQwY6pueWp
    [LIFF_URL] => https://liff.line.me/1656795001-8nkzg6Xw
    [URL] => https://alltrue.xinzhuang.lifenet.com.tw
    [TelegramToken] => 7742222418:AAHkG0zeCVCuSOUcsCIuuw2F7z3LVq8dvh0
    [TelegramChatID] => -4730742630
)

2025-04-05 10:04:30select id, LineID, TelegramID, TelegramID1 from Student where name = '黃奕翔' and enable = 1 and CampusID = 11
2025-04-05 10:04:30 array Array
(
    [id] => 207
    [LineID] => U827ab5001787d834ca1443bb906d9df7
    [TelegramID] => 
    [TelegramID1] => 
)

2025-04-05 10:04:30update Student  set MDT = now() , TelegramID = :TelegramID  where id = :StudentID 
2025-04-05 10:04:30黃奕翔 此學生綁定成功
2025-04-05 10:04:30Token : \n2025-04-05 10:04:30Array
(
    [update_id] => 692720117
    [message] => Array
        (
            [message_id] => 356
            [from] => Array
                (
                    [id] => 7223680741
                    [is_bot] => 
                    [first_name] => Randall
                    [last_name] => Huang
                    [language_code] => zh-hans
                )

            [chat] => Array
                (
                    [id] => 7223680741
                    [first_name] => Randall
                    [last_name] => Huang
                    [type] => private
                )

            [date] => 1743818670
            [text] => 黃奕翔
        )

)
\n