2025-07-18 11:09:56Array
(
    [message_id] => 2582
    [from] => Array
        (
            [id] => 8195498694
            [is_bot] => 
            [first_name] => 林
            [last_name] => 脩哲
            [language_code] => zh-hans
        )

    [chat] => Array
        (
            [id] => 8195498694
            [first_name] => 林
            [last_name] => 脩哲
            [type] => private
        )

    [date] => 1752808195
    [text] => /start
    [entities] => Array
        (
            [0] => Array
                (
                    [offset] => 0
                    [length] => 6
                    [type] => bot_command
                )

        )

)

2025-07-18 11:09:56select id, name, LIFFID, Client_ID, LIFF_URL, URL, TelegramToken, TelegramChatID from Campus where current = 1 
2025-07-18 11:09:56Array
(
    [id] => 11
    [name] => 新莊分校
    [LIFFID] => 1656795001-8nkzg6Xw
    [Client_ID] => Wt5N1ZlJrgKkRQwY6pueWp
    [LIFF_URL] => https://liff.line.me/1656795001-8nkzg6Xw
    [URL] => https://alltrue.xinzhuang.lifenet.com.tw
    [TelegramToken] => 7742222418:AAHkG0zeCVCuSOUcsCIuuw2F7z3LVq8dvh0
    [TelegramChatID] => -4730742630
)

2025-07-18 11:10:06Array
(
    [message_id] => 2584
    [from] => Array
        (
            [id] => 8195498694
            [is_bot] => 
            [first_name] => 林
            [last_name] => 脩哲
            [language_code] => zh-hans
        )

    [chat] => Array
        (
            [id] => 8195498694
            [first_name] => 林
            [last_name] => 脩哲
            [type] => private
        )

    [date] => 1752808206
    [text] => 林脩哲
)

2025-07-18 11:10:06select id, name, LIFFID, Client_ID, LIFF_URL, URL, TelegramToken, TelegramChatID from Campus where current = 1 
2025-07-18 11:10:06Array
(
    [id] => 11
    [name] => 新莊分校
    [LIFFID] => 1656795001-8nkzg6Xw
    [Client_ID] => Wt5N1ZlJrgKkRQwY6pueWp
    [LIFF_URL] => https://liff.line.me/1656795001-8nkzg6Xw
    [URL] => https://alltrue.xinzhuang.lifenet.com.tw
    [TelegramToken] => 7742222418:AAHkG0zeCVCuSOUcsCIuuw2F7z3LVq8dvh0
    [TelegramChatID] => -4730742630
)

2025-07-18 11:10:06select id, LineID, TelegramID, TelegramID1 from Student where name = '林脩哲' and enable = 1 and CampusID = 11
2025-07-18 11:10:06 array Array
(
    [id] => 255
    [LineID] => 
    [TelegramID] => 
    [TelegramID1] => 
)

2025-07-18 11:10:06update Student  set MDT = now() , TelegramID = :TelegramID  where id = :StudentID 
2025-07-18 11:10:06林脩哲 此學生綁定成功
2025-07-18 11:10:06Token : \n2025-07-18 11:10:06Array
(
    [update_id] => 692720145
    [message] => Array
        (
            [message_id] => 2584
            [from] => Array
                (
                    [id] => 8195498694
                    [is_bot] => 
                    [first_name] => 林
                    [last_name] => 脩哲
                    [language_code] => zh-hans
                )

            [chat] => Array
                (
                    [id] => 8195498694
                    [first_name] => 林
                    [last_name] => 脩哲
                    [type] => private
                )

            [date] => 1752808206
            [text] => 林脩哲
        )

)
\n