2025-04-26 04:18:30Array
(
    [message_id] => 932
    [from] => Array
        (
            [id] => 7871211616
            [is_bot] => 
            [first_name] => Bebexon
            [last_name] => HIEUPHAN66
            [username] => OsaamelyWmJ
            [language_code] => en
        )

    [chat] => Array
        (
            [id] => 7871211616
            [first_name] => Bebexon
            [last_name] => HIEUPHAN66
            [username] => OsaamelyWmJ
            [type] => private
        )

    [date] => 1745612309
    [text] => /start
    [entities] => Array
        (
            [0] => Array
                (
                    [offset] => 0
                    [length] => 6
                    [type] => bot_command
                )

        )

)

2025-04-26 04:18:30select id, name, LIFFID, Client_ID, LIFF_URL, URL, TelegramToken, TelegramChatID from Campus where current = 1 
2025-04-26 04:18:30Array
(
    [id] => 11
    [name] => 新莊分校
    [LIFFID] => 1656795001-8nkzg6Xw
    [Client_ID] => Wt5N1ZlJrgKkRQwY6pueWp
    [LIFF_URL] => https://liff.line.me/1656795001-8nkzg6Xw
    [URL] => https://alltrue.xinzhuang.lifenet.com.tw
    [TelegramToken] => 7742222418:AAHkG0zeCVCuSOUcsCIuuw2F7z3LVq8dvh0
    [TelegramChatID] => -4730742630
)

