2025-05-18 00:00:54Array
(
    [message_id] => 1489
    [from] => Array
        (
            [id] => 5415747827
            [is_bot] => 
            [first_name] => Alone
            [last_name] => vbbb
            [language_code] => en
        )

    [chat] => Array
        (
            [id] => 5415747827
            [first_name] => Alone
            [last_name] => vbbb
            [type] => private
        )

    [date] => 1747497654
    [text] => /start
    [entities] => Array
        (
            [0] => Array
                (
                    [offset] => 0
                    [length] => 6
                    [type] => bot_command
                )

        )

)

2025-05-18 00:00:54select id, name, LIFFID, Client_ID, LIFF_URL, URL, TelegramToken, TelegramChatID from Campus where current = 1 
2025-05-18 00:00:54Array
(
    [id] => 11
    [name] => 新莊分校
    [LIFFID] => 1656795001-8nkzg6Xw
    [Client_ID] => Wt5N1ZlJrgKkRQwY6pueWp
    [LIFF_URL] => https://liff.line.me/1656795001-8nkzg6Xw
    [URL] => https://alltrue.xinzhuang.lifenet.com.tw
    [TelegramToken] => 7742222418:AAHkG0zeCVCuSOUcsCIuuw2F7z3LVq8dvh0
    [TelegramChatID] => -4730742630
)

2025-05-18 00:00:59select id, name, LIFFID, Client_ID, LIFF_URL, URL, TelegramToken, TelegramChatID from Campus where current = 1 
2025-05-18 00:00:59Array
(
    [id] => 11
    [name] => 新莊分校
    [LIFFID] => 1656795001-8nkzg6Xw
    [Client_ID] => Wt5N1ZlJrgKkRQwY6pueWp
    [LIFF_URL] => https://liff.line.me/1656795001-8nkzg6Xw
    [URL] => https://alltrue.xinzhuang.lifenet.com.tw
    [TelegramToken] => 7742222418:AAHkG0zeCVCuSOUcsCIuuw2F7z3LVq8dvh0
    [TelegramChatID] => -4730742630
)

2025-05-18 00:00:59select id, LineID, TelegramID, TelegramID1 from Student where name = '' and enable = 1 and CampusID = 11
2025-05-18 00:00:59 boolean 
2025-05-18 00:00:59NULL查無此學生
2025-05-18 00:04:41Array
(
    [message_id] => 1491
    [from] => Array
        (
            [id] => 1842615187
            [is_bot] => 
            [first_name] => Busu
            [username] => nr_syrg
            [language_code] => en
        )

    [chat] => Array
        (
            [id] => 1842615187
            [first_name] => Busu
            [username] => nr_syrg
            [type] => private
        )

    [date] => 1747497880
    [text] => /start
    [entities] => Array
        (
            [0] => Array
                (
                    [offset] => 0
                    [length] => 6
                    [type] => bot_command
                )

        )

)

2025-05-18 00:04:41select id, name, LIFFID, Client_ID, LIFF_URL, URL, TelegramToken, TelegramChatID from Campus where current = 1 
2025-05-18 00:04:41Array
(
    [id] => 11
    [name] => 新莊分校
    [LIFFID] => 1656795001-8nkzg6Xw
    [Client_ID] => Wt5N1ZlJrgKkRQwY6pueWp
    [LIFF_URL] => https://liff.line.me/1656795001-8nkzg6Xw
    [URL] => https://alltrue.xinzhuang.lifenet.com.tw
    [TelegramToken] => 7742222418:AAHkG0zeCVCuSOUcsCIuuw2F7z3LVq8dvh0
    [TelegramChatID] => -4730742630
)

2025-05-18 00:04:46select id, name, LIFFID, Client_ID, LIFF_URL, URL, TelegramToken, TelegramChatID from Campus where current = 1 
2025-05-18 00:04:46Array
(
    [id] => 11
    [name] => 新莊分校
    [LIFFID] => 1656795001-8nkzg6Xw
    [Client_ID] => Wt5N1ZlJrgKkRQwY6pueWp
    [LIFF_URL] => https://liff.line.me/1656795001-8nkzg6Xw
    [URL] => https://alltrue.xinzhuang.lifenet.com.tw
    [TelegramToken] => 7742222418:AAHkG0zeCVCuSOUcsCIuuw2F7z3LVq8dvh0
    [TelegramChatID] => -4730742630
)

2025-05-18 00:04:46select id, LineID, TelegramID, TelegramID1 from Student where name = '' and enable = 1 and CampusID = 11
2025-05-18 00:04:46 boolean 
2025-05-18 00:04:46NULL查無此學生
