2025-06-09 17:42:21Array
(
    [message_id] => 1882
    [from] => Array
        (
            [id] => 7957151644
            [is_bot] => 
            [first_name] => 吳
            [last_name] => 宥儒
            [language_code] => zh-hans
        )

    [chat] => Array
        (
            [id] => 7957151644
            [first_name] => 吳
            [last_name] => 宥儒
            [type] => private
        )

    [date] => 1749462140
    [text] => /start
    [entities] => Array
        (
            [0] => Array
                (
                    [offset] => 0
                    [length] => 6
                    [type] => bot_command
                )

        )

)

2025-06-09 17:42:21select id, name, LIFFID, Client_ID, LIFF_URL, URL, TelegramToken, TelegramChatID from Campus where current = 1 
2025-06-09 17:42:21Array
(
    [id] => 11
    [name] => 新莊分校
    [LIFFID] => 1656795001-8nkzg6Xw
    [Client_ID] => Wt5N1ZlJrgKkRQwY6pueWp
    [LIFF_URL] => https://liff.line.me/1656795001-8nkzg6Xw
    [URL] => https://alltrue.xinzhuang.lifenet.com.tw
    [TelegramToken] => 7742222418:AAHkG0zeCVCuSOUcsCIuuw2F7z3LVq8dvh0
    [TelegramChatID] => -4730742630
)

2025-06-09 17:42:36Array
(
    [message_id] => 1885
    [from] => Array
        (
            [id] => 7957151644
            [is_bot] => 
            [first_name] => 吳
            [last_name] => 宥儒
            [language_code] => zh-hans
        )

    [chat] => Array
        (
            [id] => 7957151644
            [first_name] => 吳
            [last_name] => 宥儒
            [type] => private
        )

    [date] => 1749462156
    [text] => 巫彥岑
)

2025-06-09 17:42:36select id, name, LIFFID, Client_ID, LIFF_URL, URL, TelegramToken, TelegramChatID from Campus where current = 1 
2025-06-09 17:42:36Array
(
    [id] => 11
    [name] => 新莊分校
    [LIFFID] => 1656795001-8nkzg6Xw
    [Client_ID] => Wt5N1ZlJrgKkRQwY6pueWp
    [LIFF_URL] => https://liff.line.me/1656795001-8nkzg6Xw
    [URL] => https://alltrue.xinzhuang.lifenet.com.tw
    [TelegramToken] => 7742222418:AAHkG0zeCVCuSOUcsCIuuw2F7z3LVq8dvh0
    [TelegramChatID] => -4730742630
)

2025-06-09 17:42:36select id, LineID, TelegramID, TelegramID1 from Student where name = '巫彥岑' and enable = 1 and CampusID = 11
2025-06-09 17:42:36 array Array
(
    [id] => 218
    [LineID] => U4b514daa23a1418431c8ddcb5f75e519
    [TelegramID] => 
    [TelegramID1] => 
)

2025-06-09 17:42:36update Student  set MDT = now() , TelegramID = :TelegramID  where id = :StudentID 
2025-06-09 17:42:36巫彥岑 此學生綁定成功
2025-06-09 17:42:36Token : \n2025-06-09 17:42:36Array
(
    [update_id] => 692720137
    [message] => Array
        (
            [message_id] => 1885
            [from] => Array
                (
                    [id] => 7957151644
                    [is_bot] => 
                    [first_name] => 吳
                    [last_name] => 宥儒
                    [language_code] => zh-hans
                )

            [chat] => Array
                (
                    [id] => 7957151644
                    [first_name] => 吳
                    [last_name] => 宥儒
                    [type] => private
                )

            [date] => 1749462156
            [text] => 巫彥岑
        )

)
\n