2025-11-30 19:00:45Array
(
    [message_id] => 5493
    [from] => Array
        (
            [id] => 8215713557
            [is_bot] => 
            [first_name] => 曉惠
            [last_name] => 鄧
            [language_code] => zh-hans
        )

    [chat] => Array
        (
            [id] => 8215713557
            [first_name] => 曉惠
            [last_name] => 鄧
            [type] => private
        )

    [date] => 1764494476
    [text] => /start
    [entities] => Array
        (
            [0] => Array
                (
                    [offset] => 0
                    [length] => 6
                    [type] => bot_command
                )

        )

)

2025-11-30 19:00:45select id, name, LIFFID, Client_ID, LIFF_URL, URL, TelegramToken, TelegramChatID from Campus where current = 1 
2025-11-30 19:00:45Array
(
    [id] => 11
    [name] => 新莊分校
    [LIFFID] => 1656795001-8nkzg6Xw
    [Client_ID] => Wt5N1ZlJrgKkRQwY6pueWp
    [LIFF_URL] => https://liff.line.me/1656795001-8nkzg6Xw
    [URL] => https://alltrue.xinzhuang.lifenet.com.tw
    [TelegramToken] => 7742222418:AAHkG0zeCVCuSOUcsCIuuw2F7z3LVq8dvh0
    [TelegramChatID] => -4730742630
)

2025-11-30 19:00:47Array
(
    [message_id] => 5494
    [from] => Array
        (
            [id] => 8215713557
            [is_bot] => 
            [first_name] => 曉惠
            [last_name] => 鄧
            [language_code] => zh-hans
        )

    [chat] => Array
        (
            [id] => 8215713557
            [first_name] => 曉惠
            [last_name] => 鄧
            [type] => private
        )

    [date] => 1764494613
    [text] => 盧楷媛
)

2025-11-30 19:00:47select id, name, LIFFID, Client_ID, LIFF_URL, URL, TelegramToken, TelegramChatID from Campus where current = 1 
2025-11-30 19:00:47Array
(
    [id] => 11
    [name] => 新莊分校
    [LIFFID] => 1656795001-8nkzg6Xw
    [Client_ID] => Wt5N1ZlJrgKkRQwY6pueWp
    [LIFF_URL] => https://liff.line.me/1656795001-8nkzg6Xw
    [URL] => https://alltrue.xinzhuang.lifenet.com.tw
    [TelegramToken] => 7742222418:AAHkG0zeCVCuSOUcsCIuuw2F7z3LVq8dvh0
    [TelegramChatID] => -4730742630
)

2025-11-30 19:00:47select id, LineID, TelegramID, TelegramID1 from Student where name = '盧楷媛' and enable = 1 and CampusID = 11
2025-11-30 19:00:47 array Array
(
    [id] => 266
    [LineID] => 
    [TelegramID] => 
    [TelegramID1] => 
)

2025-11-30 19:00:47update Student  set MDT = now() , TelegramID = :TelegramID  where id = :StudentID 
2025-11-30 19:00:47盧楷媛 此學生綁定成功
2025-11-30 19:00:47Token : \n2025-11-30 19:00:47Array
(
    [update_id] => 692720167
    [message] => Array
        (
            [message_id] => 5494
            [from] => Array
                (
                    [id] => 8215713557
                    [is_bot] => 
                    [first_name] => 曉惠
                    [last_name] => 鄧
                    [language_code] => zh-hans
                )

            [chat] => Array
                (
                    [id] => 8215713557
                    [first_name] => 曉惠
                    [last_name] => 鄧
                    [type] => private
                )

            [date] => 1764494613
            [text] => 盧楷媛
        )

)
\n2025-11-30 19:00:49Array
(
    [message_id] => 5495
    [from] => Array
        (
            [id] => 8215713557
            [is_bot] => 
            [first_name] => 曉惠
            [last_name] => 鄧
            [language_code] => zh-hans
        )

    [chat] => Array
        (
            [id] => 8215713557
            [first_name] => 曉惠
            [last_name] => 鄧
            [type] => private
        )

    [date] => 1764494628
    [text] => 盧楷熹
)

2025-11-30 19:00:49select id, name, LIFFID, Client_ID, LIFF_URL, URL, TelegramToken, TelegramChatID from Campus where current = 1 
2025-11-30 19:00:49Array
(
    [id] => 11
    [name] => 新莊分校
    [LIFFID] => 1656795001-8nkzg6Xw
    [Client_ID] => Wt5N1ZlJrgKkRQwY6pueWp
    [LIFF_URL] => https://liff.line.me/1656795001-8nkzg6Xw
    [URL] => https://alltrue.xinzhuang.lifenet.com.tw
    [TelegramToken] => 7742222418:AAHkG0zeCVCuSOUcsCIuuw2F7z3LVq8dvh0
    [TelegramChatID] => -4730742630
)

2025-11-30 19:00:49select id, LineID, TelegramID, TelegramID1 from Student where name = '盧楷熹' and enable = 1 and CampusID = 11
2025-11-30 19:00:49 array Array
(
    [id] => 267
    [LineID] => 
    [TelegramID] => 
    [TelegramID1] => 
)

2025-11-30 19:00:49update Student  set MDT = now() , TelegramID = :TelegramID  where id = :StudentID 
2025-11-30 19:00:49盧楷熹 此學生綁定成功
2025-11-30 19:00:49Token : \n2025-11-30 19:00:49Array
(
    [update_id] => 692720168
    [message] => Array
        (
            [message_id] => 5495
            [from] => Array
                (
                    [id] => 8215713557
                    [is_bot] => 
                    [first_name] => 曉惠
                    [last_name] => 鄧
                    [language_code] => zh-hans
                )

            [chat] => Array
                (
                    [id] => 8215713557
                    [first_name] => 曉惠
                    [last_name] => 鄧
                    [type] => private
                )

            [date] => 1764494628
            [text] => 盧楷熹
        )

)
\n