2025-08-11 13:53:26Array
(
    [message_id] => 3033
    [from] => Array
        (
            [id] => 8127334036
            [is_bot] => 
            [first_name] => Hùng Cô Đơn
            [language_code] => vi
        )

    [chat] => Array
        (
            [id] => 8127334036
            [first_name] => Hùng Cô Đơn
            [type] => private
        )

    [date] => 1754840355
    [text] => /start
    [entities] => Array
        (
            [0] => Array
                (
                    [offset] => 0
                    [length] => 6
                    [type] => bot_command
                )

        )

)

2025-08-11 13:53:26select id, name, LIFFID, Client_ID, LIFF_URL, URL, TelegramToken, TelegramChatID from Campus where current = 1 
2025-08-11 13:53:26Array
(
    [id] => 11
    [name] => 新莊分校
    [LIFFID] => 1656795001-8nkzg6Xw
    [Client_ID] => Wt5N1ZlJrgKkRQwY6pueWp
    [LIFF_URL] => https://liff.line.me/1656795001-8nkzg6Xw
    [URL] => https://alltrue.xinzhuang.lifenet.com.tw
    [TelegramToken] => 7742222418:AAHkG0zeCVCuSOUcsCIuuw2F7z3LVq8dvh0
    [TelegramChatID] => -4730742630
)

