2025-03-22 09:48:22Array
(
    [message_id] => 41
    [from] => Array
        (
            [id] => 7927046798
            [is_bot] => 
            [first_name] => 新莊分校
            [last_name] => 全真一對一補習班
        )

    [chat] => Array
        (
            [id] => -4730742630
            [title] => 新莊老師刷卡
            [type] => group
            [all_members_are_administrators] => 1
        )

    [date] => 1742608101
    [new_chat_participant] => Array
        (
            [id] => 7927046798
            [is_bot] => 
            [first_name] => 新莊分校
            [last_name] => 全真一對一補習班
        )

    [new_chat_member] => Array
        (
            [id] => 7927046798
            [is_bot] => 
            [first_name] => 新莊分校
            [last_name] => 全真一對一補習班
        )

    [new_chat_members] => Array
        (
            [0] => Array
                (
                    [id] => 7927046798
                    [is_bot] => 
                    [first_name] => 新莊分校
                    [last_name] => 全真一對一補習班
                )

        )

)

2025-03-22 09:48:22select id, name, LIFFID, Client_ID, LIFF_URL, URL, TelegramToken, TelegramChatID from Campus where current = 1 
2025-03-22 09:48:22Array
(
    [id] => 11
    [name] => 新莊分校
    [LIFFID] => 1656795001-8nkzg6Xw
    [Client_ID] => Wt5N1ZlJrgKkRQwY6pueWp
    [LIFF_URL] => https://liff.line.me/1656795001-8nkzg6Xw
    [URL] => https://alltrue.xinzhuang.lifenet.com.tw
    [TelegramToken] => 7742222418:AAHkG0zeCVCuSOUcsCIuuw2F7z3LVq8dvh0
    [TelegramChatID] => -4730742630
)

2025-03-22 09:48:22select id, LineID, TelegramID, TelegramID1 from Student where name = '' and enable = 1 and CampusID = 11
2025-03-22 09:48:22 boolean 
2025-03-22 09:48:22NULL查無此學生
