2025-04-02 09:39:05Array
(
    [message_id] => 312
    [from] => Array
        (
            [id] => 8017263906
            [is_bot] => 
            [first_name] => Maggie
            [last_name] => Chen
            [language_code] => zh-hans
        )

    [chat] => Array
        (
            [id] => 8017263906
            [first_name] => Maggie
            [last_name] => Chen
            [type] => private
        )

    [date] => 1743557944
    [text] => /start
    [entities] => Array
        (
            [0] => Array
                (
                    [offset] => 0
                    [length] => 6
                    [type] => bot_command
                )

        )

)

2025-04-02 09:39:05select id, name, LIFFID, Client_ID, LIFF_URL, URL, TelegramToken, TelegramChatID from Campus where current = 1 
2025-04-02 09:39:05Array
(
    [id] => 11
    [name] => 新莊分校
    [LIFFID] => 1656795001-8nkzg6Xw
    [Client_ID] => Wt5N1ZlJrgKkRQwY6pueWp
    [LIFF_URL] => https://liff.line.me/1656795001-8nkzg6Xw
    [URL] => https://alltrue.xinzhuang.lifenet.com.tw
    [TelegramToken] => 7742222418:AAHkG0zeCVCuSOUcsCIuuw2F7z3LVq8dvh0
    [TelegramChatID] => -4730742630
)

2025-04-02 09:39:21Array
(
    [message_id] => 314
    [from] => Array
        (
            [id] => 8017263906
            [is_bot] => 
            [first_name] => Maggie
            [last_name] => Chen
            [language_code] => zh-hans
        )

    [chat] => Array
        (
            [id] => 8017263906
            [first_name] => Maggie
            [last_name] => Chen
            [type] => private
        )

    [date] => 1743557961
    [text] => 楊士德
)

2025-04-02 09:39:21select id, name, LIFFID, Client_ID, LIFF_URL, URL, TelegramToken, TelegramChatID from Campus where current = 1 
2025-04-02 09:39:21Array
(
    [id] => 11
    [name] => 新莊分校
    [LIFFID] => 1656795001-8nkzg6Xw
    [Client_ID] => Wt5N1ZlJrgKkRQwY6pueWp
    [LIFF_URL] => https://liff.line.me/1656795001-8nkzg6Xw
    [URL] => https://alltrue.xinzhuang.lifenet.com.tw
    [TelegramToken] => 7742222418:AAHkG0zeCVCuSOUcsCIuuw2F7z3LVq8dvh0
    [TelegramChatID] => -4730742630
)

2025-04-02 09:39:21select id, LineID, TelegramID, TelegramID1 from Student where name = '楊士德' and enable = 1 and CampusID = 11
2025-04-02 09:39:21 array Array
(
    [id] => 222
    [LineID] => Uabe439d142a2395471073b32bbd6465b
    [TelegramID] => 
    [TelegramID1] => 
)

2025-04-02 09:39:21update Student  set MDT = now() , TelegramID = :TelegramID  where id = :StudentID 
2025-04-02 09:39:21楊士德 此學生綁定成功
2025-04-02 09:39:21Token : \n2025-04-02 09:39:21Array
(
    [update_id] => 692720115
    [message] => Array
        (
            [message_id] => 314
            [from] => Array
                (
                    [id] => 8017263906
                    [is_bot] => 
                    [first_name] => Maggie
                    [last_name] => Chen
                    [language_code] => zh-hans
                )

            [chat] => Array
                (
                    [id] => 8017263906
                    [first_name] => Maggie
                    [last_name] => Chen
                    [type] => private
                )

            [date] => 1743557961
            [text] => 楊士德
        )

)
\n