2025-04-09 18:44:46Array
(
    [message_id] => 459
    [from] => Array
        (
            [id] => 8199195348
            [is_bot] => 
            [first_name] => 小薇
            [last_name] => 薇
            [language_code] => zh-hans
        )

    [chat] => Array
        (
            [id] => 8199195348
            [first_name] => 小薇
            [last_name] => 薇
            [type] => private
        )

    [date] => 1744195486
    [text] => /start
    [entities] => Array
        (
            [0] => Array
                (
                    [offset] => 0
                    [length] => 6
                    [type] => bot_command
                )

        )

)

2025-04-09 18:44:46select id, name, LIFFID, Client_ID, LIFF_URL, URL, TelegramToken, TelegramChatID from Campus where current = 1 
2025-04-09 18:44:46Array
(
    [id] => 11
    [name] => 新莊分校
    [LIFFID] => 1656795001-8nkzg6Xw
    [Client_ID] => Wt5N1ZlJrgKkRQwY6pueWp
    [LIFF_URL] => https://liff.line.me/1656795001-8nkzg6Xw
    [URL] => https://alltrue.xinzhuang.lifenet.com.tw
    [TelegramToken] => 7742222418:AAHkG0zeCVCuSOUcsCIuuw2F7z3LVq8dvh0
    [TelegramChatID] => -4730742630
)

2025-04-09 18:44:57Array
(
    [message_id] => 461
    [from] => Array
        (
            [id] => 8199195348
            [is_bot] => 
            [first_name] => 小薇
            [last_name] => 薇
            [language_code] => zh-hans
        )

    [chat] => Array
        (
            [id] => 8199195348
            [first_name] => 小薇
            [last_name] => 薇
            [type] => private
        )

    [date] => 1744195497
    [text] => 廖允瑋
)

2025-04-09 18:44:57select id, name, LIFFID, Client_ID, LIFF_URL, URL, TelegramToken, TelegramChatID from Campus where current = 1 
2025-04-09 18:44:57Array
(
    [id] => 11
    [name] => 新莊分校
    [LIFFID] => 1656795001-8nkzg6Xw
    [Client_ID] => Wt5N1ZlJrgKkRQwY6pueWp
    [LIFF_URL] => https://liff.line.me/1656795001-8nkzg6Xw
    [URL] => https://alltrue.xinzhuang.lifenet.com.tw
    [TelegramToken] => 7742222418:AAHkG0zeCVCuSOUcsCIuuw2F7z3LVq8dvh0
    [TelegramChatID] => -4730742630
)

2025-04-09 18:44:57select id, LineID, TelegramID, TelegramID1 from Student where name = '廖允瑋' and enable = 1 and CampusID = 11
2025-04-09 18:44:57 array Array
(
    [id] => 120
    [LineID] => U68bdb5800d79164116d4a9fb9e6cfef3
    [TelegramID] => 
    [TelegramID1] => 
)

2025-04-09 18:44:57update Student  set MDT = now() , TelegramID = :TelegramID  where id = :StudentID 
2025-04-09 18:44:57廖允瑋 此學生綁定成功
2025-04-09 18:44:57Token : \n2025-04-09 18:44:57Array
(
    [update_id] => 692720123
    [message] => Array
        (
            [message_id] => 461
            [from] => Array
                (
                    [id] => 8199195348
                    [is_bot] => 
                    [first_name] => 小薇
                    [last_name] => 薇
                    [language_code] => zh-hans
                )

            [chat] => Array
                (
                    [id] => 8199195348
                    [first_name] => 小薇
                    [last_name] => 薇
                    [type] => private
                )

            [date] => 1744195497
            [text] => 廖允瑋
        )

)
\n2025-04-09 18:45:02Array
(
    [message_id] => 463
    [from] => Array
        (
            [id] => 8199195348
            [is_bot] => 
            [first_name] => 小薇
            [last_name] => 薇
            [language_code] => zh-hans
        )

    [chat] => Array
        (
            [id] => 8199195348
            [first_name] => 小薇
            [last_name] => 薇
            [type] => private
        )

    [date] => 1744195502
    [text] => 廖允瑄
)

2025-04-09 18:45:02select id, name, LIFFID, Client_ID, LIFF_URL, URL, TelegramToken, TelegramChatID from Campus where current = 1 
2025-04-09 18:45:02Array
(
    [id] => 11
    [name] => 新莊分校
    [LIFFID] => 1656795001-8nkzg6Xw
    [Client_ID] => Wt5N1ZlJrgKkRQwY6pueWp
    [LIFF_URL] => https://liff.line.me/1656795001-8nkzg6Xw
    [URL] => https://alltrue.xinzhuang.lifenet.com.tw
    [TelegramToken] => 7742222418:AAHkG0zeCVCuSOUcsCIuuw2F7z3LVq8dvh0
    [TelegramChatID] => -4730742630
)

2025-04-09 18:45:02select id, LineID, TelegramID, TelegramID1 from Student where name = '廖允瑄' and enable = 1 and CampusID = 11
2025-04-09 18:45:02 array Array
(
    [id] => 121
    [LineID] => U1087741f32a100ce86fb2af990fbdc2b
    [TelegramID] => 
    [TelegramID1] => 
)

2025-04-09 18:45:02update Student  set MDT = now() , TelegramID = :TelegramID  where id = :StudentID 
2025-04-09 18:45:02廖允瑄 此學生綁定成功
2025-04-09 18:45:02Token : \n2025-04-09 18:45:02Array
(
    [update_id] => 692720124
    [message] => Array
        (
            [message_id] => 463
            [from] => Array
                (
                    [id] => 8199195348
                    [is_bot] => 
                    [first_name] => 小薇
                    [last_name] => 薇
                    [language_code] => zh-hans
                )

            [chat] => Array
                (
                    [id] => 8199195348
                    [first_name] => 小薇
                    [last_name] => 薇
                    [type] => private
                )

            [date] => 1744195502
            [text] => 廖允瑄
        )

)
\n