2026-01-06 19:21:10Array
(
    [message_id] => 6350
    [from] => Array
        (
            [id] => 8403601196
            [is_bot] => 
            [first_name] => Lin
            [last_name] => KC
            [language_code] => zh-hans
        )

    [chat] => Array
        (
            [id] => 8403601196
            [first_name] => Lin
            [last_name] => KC
            [type] => private
        )

    [date] => 1767698469
    [text] => 95236
)

2026-01-06 19:21:10select id, name, LIFFID, Client_ID, LIFF_URL, URL, TelegramToken, TelegramChatID from Campus where current = 1 
2026-01-06 19:21:10Array
(
    [id] => 11
    [name] => 新莊分校
    [LIFFID] => 1656795001-8nkzg6Xw
    [Client_ID] => Wt5N1ZlJrgKkRQwY6pueWp
    [LIFF_URL] => https://liff.line.me/1656795001-8nkzg6Xw
    [URL] => https://alltrue.xinzhuang.lifenet.com.tw
    [TelegramToken] => 7742222418:AAHkG0zeCVCuSOUcsCIuuw2F7z3LVq8dvh0
    [TelegramChatID] => -4730742630
)

2026-01-06 19:21:10select id, LineID, TelegramID, TelegramID1 from Student where name = '95236' and enable = 1 and CampusID = 11
2026-01-06 19:21:10 boolean 
2026-01-06 19:21:10string查無此學生95236
