2026-01-08 09:10:25Array
(
    [message_id] => 6396
    [from] => Array
        (
            [id] => 5109015888
            [is_bot] => 
            [first_name] => Mohamedi
            [last_name] => Mfyomi
            [language_code] => en
        )

    [chat] => Array
        (
            [id] => 5109015888
            [first_name] => Mohamedi
            [last_name] => Mfyomi
            [type] => private
        )

    [date] => 1767834624
    [text] => /start
    [entities] => Array
        (
            [0] => Array
                (
                    [offset] => 0
                    [length] => 6
                    [type] => bot_command
                )

        )

)

2026-01-08 09:10:25select id, name, LIFFID, Client_ID, LIFF_URL, URL, TelegramToken, TelegramChatID from Campus where current = 1 
2026-01-08 09:10:25Array
(
    [id] => 11
    [name] => 新莊分校
    [LIFFID] => 1656795001-8nkzg6Xw
    [Client_ID] => Wt5N1ZlJrgKkRQwY6pueWp
    [LIFF_URL] => https://liff.line.me/1656795001-8nkzg6Xw
    [URL] => https://alltrue.xinzhuang.lifenet.com.tw
    [TelegramToken] => 7742222418:AAHkG0zeCVCuSOUcsCIuuw2F7z3LVq8dvh0
    [TelegramChatID] => -4730742630
)

2026-01-08 09:10:29select id, name, LIFFID, Client_ID, LIFF_URL, URL, TelegramToken, TelegramChatID from Campus where current = 1 
2026-01-08 09:10:29Array
(
    [id] => 11
    [name] => 新莊分校
    [LIFFID] => 1656795001-8nkzg6Xw
    [Client_ID] => Wt5N1ZlJrgKkRQwY6pueWp
    [LIFF_URL] => https://liff.line.me/1656795001-8nkzg6Xw
    [URL] => https://alltrue.xinzhuang.lifenet.com.tw
    [TelegramToken] => 7742222418:AAHkG0zeCVCuSOUcsCIuuw2F7z3LVq8dvh0
    [TelegramChatID] => -4730742630
)

2026-01-08 09:10:29select id, LineID, TelegramID, TelegramID1 from Student where name = '' and enable = 1 and CampusID = 11
2026-01-08 09:10:29 boolean 
2026-01-08 09:10:29NULL查無此學生
