2026-03-17 19:42:31Array
(
    [message_id] => 7658
    [from] => Array
        (
            [id] => 8410573657
            [is_bot] => 
            [first_name] => 林良峻
            [language_code] => zh-hans
        )

    [chat] => Array
        (
            [id] => 8410573657
            [first_name] => 林良峻
            [type] => private
        )

    [date] => 1773747750
    [text] => /start
    [entities] => Array
        (
            [0] => Array
                (
                    [offset] => 0
                    [length] => 6
                    [type] => bot_command
                )

        )

)

2026-03-17 19:42:31select id, name, LIFFID, Client_ID, LIFF_URL, URL, TelegramToken, TelegramChatID from Campus where current = 1 
2026-03-17 19:42:31Array
(
    [id] => 11
    [name] => 新莊分校
    [LIFFID] => 1656795001-8nkzg6Xw
    [Client_ID] => Wt5N1ZlJrgKkRQwY6pueWp
    [LIFF_URL] => https://liff.line.me/1656795001-8nkzg6Xw
    [URL] => https://alltrue.xinzhuang.lifenet.com.tw
    [TelegramToken] => 7742222418:AAHkG0zeCVCuSOUcsCIuuw2F7z3LVq8dvh0
    [TelegramChatID] => -4730742630
)

2026-03-17 19:42:44Array
(
    [message_id] => 7660
    [from] => Array
        (
            [id] => 8410573657
            [is_bot] => 
            [first_name] => 林良峻
            [language_code] => zh-hans
        )

    [chat] => Array
        (
            [id] => 8410573657
            [first_name] => 林良峻
            [type] => private
        )

    [date] => 1773747764
    [text] => 林習恩
)

2026-03-17 19:42:44select id, name, LIFFID, Client_ID, LIFF_URL, URL, TelegramToken, TelegramChatID from Campus where current = 1 
2026-03-17 19:42:44Array
(
    [id] => 11
    [name] => 新莊分校
    [LIFFID] => 1656795001-8nkzg6Xw
    [Client_ID] => Wt5N1ZlJrgKkRQwY6pueWp
    [LIFF_URL] => https://liff.line.me/1656795001-8nkzg6Xw
    [URL] => https://alltrue.xinzhuang.lifenet.com.tw
    [TelegramToken] => 7742222418:AAHkG0zeCVCuSOUcsCIuuw2F7z3LVq8dvh0
    [TelegramChatID] => -4730742630
)

2026-03-17 19:42:44select id, LineID, TelegramID, TelegramID1 from Student where name = '林習恩' and enable = 1 and CampusID = 11
2026-03-17 19:42:44 array Array
(
    [id] => 273
    [LineID] => 
    [TelegramID] => 
    [TelegramID1] => 
)

2026-03-17 19:42:44update Student  set MDT = now() , TelegramID = :TelegramID  where id = :StudentID 
2026-03-17 19:42:44林習恩 此學生綁定成功
2026-03-17 19:42:44Token : \n2026-03-17 19:42:44Array
(
    [update_id] => 692720184
    [message] => Array
        (
            [message_id] => 7660
            [from] => Array
                (
                    [id] => 8410573657
                    [is_bot] => 
                    [first_name] => 林良峻
                    [language_code] => zh-hans
                )

            [chat] => Array
                (
                    [id] => 8410573657
                    [first_name] => 林良峻
                    [type] => private
                )

            [date] => 1773747764
            [text] => 林習恩
        )

)
\n