2026-03-07 16:29:38Array
(
    [message_id] => 7449
    [from] => Array
        (
            [id] => 7751965781
            [is_bot] => 
            [first_name] => 意惠
            [last_name] => 林
            [language_code] => zh-hant
        )

    [chat] => Array
        (
            [id] => 7751965781
            [first_name] => 意惠
            [last_name] => 林
            [type] => private
        )

    [date] => 1772872177
    [text] => 羅荌芝
)

2026-03-07 16:29:38select id, name, LIFFID, Client_ID, LIFF_URL, URL, TelegramToken, TelegramChatID from Campus where current = 1 
2026-03-07 16:29:38Array
(
    [id] => 11
    [name] => 新莊分校
    [LIFFID] => 1656795001-8nkzg6Xw
    [Client_ID] => Wt5N1ZlJrgKkRQwY6pueWp
    [LIFF_URL] => https://liff.line.me/1656795001-8nkzg6Xw
    [URL] => https://alltrue.xinzhuang.lifenet.com.tw
    [TelegramToken] => 7742222418:AAHkG0zeCVCuSOUcsCIuuw2F7z3LVq8dvh0
    [TelegramChatID] => -4730742630
)

2026-03-07 16:29:38select id, LineID, TelegramID, TelegramID1 from Student where name = '羅荌芝' and enable = 1 and CampusID = 11
2026-03-07 16:29:38 array Array
(
    [id] => 272
    [LineID] => 
    [TelegramID] => 
    [TelegramID1] => 
)

2026-03-07 16:29:38update Student  set MDT = now() , TelegramID = :TelegramID  where id = :StudentID 
2026-03-07 16:29:38羅荌芝 此學生綁定成功
2026-03-07 16:29:38Token : \n2026-03-07 16:29:38Array
(
    [update_id] => 692720182
    [message] => Array
        (
            [message_id] => 7449
            [from] => Array
                (
                    [id] => 7751965781
                    [is_bot] => 
                    [first_name] => 意惠
                    [last_name] => 林
                    [language_code] => zh-hant
                )

            [chat] => Array
                (
                    [id] => 7751965781
                    [first_name] => 意惠
                    [last_name] => 林
                    [type] => private
                )

            [date] => 1772872177
            [text] => 羅荌芝
        )

)
\n