2026-01-15 20:53:43Array
(
    [message_id] => 6610
    [from] => Array
        (
            [id] => 8553222731
            [is_bot] => 
            [first_name] => li
            [last_name] => 猛
            [language_code] => zh-hans
            [is_premium] => 1
        )

    [chat] => Array
        (
            [id] => 8553222731
            [first_name] => li
            [last_name] => 猛
            [type] => private
        )

    [date] => 1768481622
    [text] => /start
    [entities] => Array
        (
            [0] => Array
                (
                    [offset] => 0
                    [length] => 6
                    [type] => bot_command
                )

        )

)

2026-01-15 20:53:43select id, name, LIFFID, Client_ID, LIFF_URL, URL, TelegramToken, TelegramChatID from Campus where current = 1 
2026-01-15 20:53:43Array
(
    [id] => 11
    [name] => 新莊分校
    [LIFFID] => 1656795001-8nkzg6Xw
    [Client_ID] => Wt5N1ZlJrgKkRQwY6pueWp
    [LIFF_URL] => https://liff.line.me/1656795001-8nkzg6Xw
    [URL] => https://alltrue.xinzhuang.lifenet.com.tw
    [TelegramToken] => 7742222418:AAHkG0zeCVCuSOUcsCIuuw2F7z3LVq8dvh0
    [TelegramChatID] => -4730742630
)

2026-01-15 20:53:57Array
(
    [message_id] => 6612
    [from] => Array
        (
            [id] => 8553222731
            [is_bot] => 
            [first_name] => li
            [last_name] => 猛
            [language_code] => zh-hans
            [is_premium] => 1
        )

    [chat] => Array
        (
            [id] => 8553222731
            [first_name] => li
            [last_name] => 猛
            [type] => private
        )

    [date] => 1768481637
    [text] => 李梦
)

2026-01-15 20:53:57select id, name, LIFFID, Client_ID, LIFF_URL, URL, TelegramToken, TelegramChatID from Campus where current = 1 
2026-01-15 20:53:57Array
(
    [id] => 11
    [name] => 新莊分校
    [LIFFID] => 1656795001-8nkzg6Xw
    [Client_ID] => Wt5N1ZlJrgKkRQwY6pueWp
    [LIFF_URL] => https://liff.line.me/1656795001-8nkzg6Xw
    [URL] => https://alltrue.xinzhuang.lifenet.com.tw
    [TelegramToken] => 7742222418:AAHkG0zeCVCuSOUcsCIuuw2F7z3LVq8dvh0
    [TelegramChatID] => -4730742630
)

2026-01-15 20:53:57select id, LineID, TelegramID, TelegramID1 from Student where name = '李梦' and enable = 1 and CampusID = 11
2026-01-15 20:53:57 boolean 
2026-01-15 20:53:57string查無此學生李梦
2026-01-15 20:54:02Array
(
    [message_id] => 6614
    [from] => Array
        (
            [id] => 8553222731
            [is_bot] => 
            [first_name] => li
            [last_name] => 猛
            [language_code] => zh-hans
            [is_premium] => 1
        )

    [chat] => Array
        (
            [id] => 8553222731
            [first_name] => li
            [last_name] => 猛
            [type] => private
        )

    [date] => 1768481642
    [text] => 猛
)

2026-01-15 20:54:02select id, name, LIFFID, Client_ID, LIFF_URL, URL, TelegramToken, TelegramChatID from Campus where current = 1 
2026-01-15 20:54:02Array
(
    [id] => 11
    [name] => 新莊分校
    [LIFFID] => 1656795001-8nkzg6Xw
    [Client_ID] => Wt5N1ZlJrgKkRQwY6pueWp
    [LIFF_URL] => https://liff.line.me/1656795001-8nkzg6Xw
    [URL] => https://alltrue.xinzhuang.lifenet.com.tw
    [TelegramToken] => 7742222418:AAHkG0zeCVCuSOUcsCIuuw2F7z3LVq8dvh0
    [TelegramChatID] => -4730742630
)

2026-01-15 20:54:02select id, LineID, TelegramID, TelegramID1 from Student where name = '猛' and enable = 1 and CampusID = 11
2026-01-15 20:54:02 boolean 
2026-01-15 20:54:02string查無此學生猛
