11:24:58 Input {"update_id":334387431,
"message":{"message_id":43,"from":{"id":999289055,"is_bot":false,"first_name":"Jerry","last_name":"Jeng","language_code":"zh-hant"},"chat":{"id":999289055,"first_name":"Jerry","last_name":"Jeng","type":"private"},"date":1604892296,"text":"test"}}
11:24:58 EmpTelegram_Status 
11:24:59 response {"ok":true,"result":{"message_id":44,"from":{"id":1352098426,"is_bot":true,"first_name":"TahEmpBot","username":"TahEmp_bot"},"chat":{"id":999289055,"first_name":"Jerry","last_name":"Jeng","type":"private"},"date":1604892299,"text":"\u8acb\u9078\u64c7\u529f\u80fd","reply_markup":{"inline_keyboard":[[{"text":"\u81fa\u5b89\u5b98\u7db2","url":"https://www.tahsda.org.tw/"},{"text":"\u8eab\u5206\u9a57\u8b49","callback_data":"/start"}]]}}}
11:25:01 Input {"update_id":334387432,
"callback_query":{"id":"4291913812786805144","from":{"id":999289055,"is_bot":false,"first_name":"Jerry","last_name":"Jeng","language_code":"zh-hant"},"message":{"message_id":44,"from":{"id":1352098426,"is_bot":true,"first_name":"TahEmpBot","username":"TahEmp_bot"},"chat":{"id":999289055,"first_name":"Jerry","last_name":"Jeng","type":"private"},"date":1604892299,"text":"\u8acb\u9078\u64c7\u529f\u80fd","reply_markup":{"inline_keyboard":[[{"text":"\u81fa\u5b89\u5b98\u7db2","url":"https://www.tahsda.org.tw/"},{"text":"\u8eab\u5206\u9a57\u8b49","callback_data":"/start"}]]}},"chat_instance":"-5733252177212500424","data":"/start"}}
11:25:01 EmpTelegram_Status 
11:25:01 CheckTelegramID {"Status":"99", "MSG":"您尚未綁定Telegram ID帳號 \n 請輸入您的員工號"}
11:25:02 response {"ok":true,"result":{"message_id":45,"from":{"id":1352098426,"is_bot":true,"first_name":"TahEmpBot","username":"TahEmp_bot"},"chat":{"id":999289055,"first_name":"Jerry","last_name":"Jeng","type":"private"},"date":1604892302,"text":"\u60a8\u5c1a\u672a\u7d81\u5b9aTelegram ID\u5e33\u865f \n \u8acb\u8f38\u5165\u60a8\u7684\u54e1\u5de5\u865f"}}
11:25:09 Input {"update_id":334387433,
"message":{"message_id":46,"from":{"id":999289055,"is_bot":false,"first_name":"Jerry","last_name":"Jeng","language_code":"zh-hant"},"chat":{"id":999289055,"first_name":"Jerry","last_name":"Jeng","type":"private"},"date":1604892307,"text":"129867"}}
11:25:09 EmpTelegram_Status InputEmpID
11:25:09 CheckEmpID {"Status":"0", "EMP_ID":"129867 ", "EMP_NAME":"鄭權和", "BIRTHDAY":"19680425", "PERSON_ID":"A121556866"}
11:25:09 InputEmpID PutMessage 1
11:25:10 response {"ok":true,"result":{"message_id":47,"from":{"id":1352098426,"is_bot":true,"first_name":"TahEmpBot","username":"TahEmp_bot"},"chat":{"id":999289055,"first_name":"Jerry","last_name":"Jeng","type":"private"},"date":1604892310,"text":"\u912d\u6b0a\u548c \u8acb\u8f38\u5165\u60a8\u7684EIP\u5bc6\u78bc"}}
11:25:12 Input {"update_id":334387434,
"message":{"message_id":48,"from":{"id":999289055,"is_bot":false,"first_name":"Jerry","last_name":"Jeng","language_code":"zh-hant"},"chat":{"id":999289055,"first_name":"Jerry","last_name":"Jeng","type":"private"},"date":1604892312,"text":"test"}}
11:25:12 EmpTelegram_Status InputPasswd
11:25:12 CheckEmpPWD <br />
<font size='1'><table class='xdebug-error xe-warning' dir='ltr' border='1' cellspacing='0' cellpadding='1'>
<tr><th align='left' bgcolor='#f57900' colspan="5"><span style='background-color: #cc0000; color: #fce94f; font-size: x-large;'>( ! )</span> Warning: include(cls/DB.cls.php): failed to open stream: No such file or directory in /var/www/WebService/Telegram_Bot/CheckEmpPASS.php on line <i>11</i></th></tr>
<tr><th align='left' bgcolor='#e9b96e' colspan='5'>Call Stack</th></tr>
<tr><th align='center' bgcolor='#eeeeec'>#</th><th align='left' bgcolor='#eeeeec'>Time</th><th align='left' bgcolor='#eeeeec'>Memory</th><th align='left' bgcolor='#eeeeec'>Function</th><th align='left' bgcolor='#eeeeec'>Location</th></tr>
<tr><td bgcolor='#eeeeec' align='center'>1</td><td bgcolor='#eeeeec' align='center'>0.0010</td><td bgcolor='#eeeeec' align='right'>241296</td><td bgcolor='#eeeeec'>{main}(  )</td><td title='/var/www/WebService/Telegram_Bot/CheckEmpPASS.php' bgcolor='#eeeeec'>.../CheckEmpPASS.php<b>:</b>0</td></tr>
</table></font>
<br />
<font size='1'><table class='xdebug-error xe-warning' dir='ltr' border='1' cellspacing='0' cellpadding='1'>
<tr><th align='left' bgcolor='#f57900' colspan="5"><span style='background-color: #cc0000; color: #fce94f; font-size: x-large;'>( ! )</span> Warning: include(): Failed opening 'cls/DB.cls.php' for inclusion (include_path='.:/usr/share/php') in /var/www/WebService/Telegram_Bot/CheckEmpPASS.php on line <i>11</i></th></tr>
<tr><th align='left' bgcolor='#e9b96e' colspan='5'>Call Stack</th></tr>
<tr><th align='center' bgcolor='#eeeeec'>#</th><th align='left' bgcolor='#eeeeec'>Time</th><th align='left' bgcolor='#eeeeec'>Memory</th><th align='left' bgcolor='#eeeeec'>Function</th><th align='left' bgcolor='#eeeeec'>Location</th></tr>
<tr><td bgcolor='#eeeeec' align='center'>1</td><td bgcolor='#eeeeec' align='center'>0.0010</td><td bgcolor='#eeeeec' align='right'>241296</td><td bgcolor='#eeeeec'>{main}(  )</td><td title='/var/www/WebService/Telegram_Bot/CheckEmpPASS.php' bgcolor='#eeeeec'>.../CheckEmpPASS.php<b>:</b>0</td></tr>
</table></font>
<br />
<font size='1'><table class='xdebug-error xe-warning' dir='ltr' border='1' cellspacing='0' cellpadding='1'>
<tr><th align='left' bgcolor='#f57900' colspan="5"><span style='background-color: #cc0000; color: #fce94f; font-size: x-large;'>( ! )</span> Warning: include(cls/AD.cls.php): failed to open stream: No such file or directory in /var/www/WebService/Telegram_Bot/CheckEmpPASS.php on line <i>12</i></th></tr>
<tr><th align='left' bgcolor='#e9b96e' colspan='5'>Call Stack</th></tr>
<tr><th align='center' bgcolor='#eeeeec'>#</th><th align='left' bgcolor='#eeeeec'>Time</th><th align='left' bgcolor='#eeeeec'>Memory</th><th align='left' bgcolor='#eeeeec'>Function</th><th align='left' bgcolor='#eeeeec'>Location</th></tr>
<tr><td bgcolor='#eeeeec' align='center'>1</td><td bgcolor='#eeeeec' align='center'>0.0010</td><td bgcolor='#eeeeec' align='right'>241296</td><td bgcolor='#eeeeec'>{main}(  )</td><td title='/var/www/WebService/Telegram_Bot/CheckEmpPASS.php' bgcolor='#eeeeec'>.../CheckEmpPASS.php<b>:</b>0</td></tr>
</table></font>
<br />
<font size='1'><table class='xdebug-error xe-warning' dir='ltr' border='1' cellspacing='0' cellpadding='1'>
<tr><th align='left' bgcolor='#f57900' colspan="5"><span style='background-color: #cc0000; color: #fce94f; font-size: x-large;'>( ! )</span> Warning: include(): Failed opening 'cls/AD.cls.php' for inclusion (include_path='.:/usr/share/php') in /var/www/WebService/Telegram_Bot/CheckEmpPASS.php on line <i>12</i></th></tr>
<tr><th align='left' bgcolor='#e9b96e' colspan='5'>Call Stack</th></tr>
<tr><th align='center' bgcolor='#eeeeec'>#</th><th align='left' bgcolor='#eeeeec'>Time</th><th align='left' bgcolor='#eeeeec'>Memory</th><th align='left' bgcolor='#eeeeec'>Function</th><th align='left' bgcolor='#eeeeec'>Location</th></tr>
<tr><td bgcolor='#eeeeec' align='center'>1</td><td bgcolor='#eeeeec' align='center'>0.0010</td><td bgcolor='#eeeeec' align='right'>241296</td><td bgcolor='#eeeeec'>{main}(  )</td><td title='/var/www/WebService/Telegram_Bot/CheckEmpPASS.php' bgcolor='#eeeeec'>.../CheckEmpPASS.php<b>:</b>0</td></tr>
</table></font>
{"Status":"-1", "MSG":"帳號密碼錯誤"}
11:25:14 response {"ok":true,"result":{"message_id":49,"from":{"id":1352098426,"is_bot":true,"first_name":"TahEmpBot","username":"TahEmp_bot"},"chat":{"id":999289055,"first_name":"Jerry","last_name":"Jeng","type":"private"},"date":1604892313,"text":"null"}}
11:26:44 Input {"update_id":334387435,
"message":{"message_id":50,"from":{"id":999289055,"is_bot":false,"first_name":"Jerry","last_name":"Jeng","language_code":"zh-hant"},"chat":{"id":999289055,"first_name":"Jerry","last_name":"Jeng","type":"private"},"date":1604892403,"text":"test"}}
11:26:44 EmpTelegram_Status InputPasswd
11:26:45 CheckEmpPWD {"Status":"-1", "MSG":"帳號密碼錯誤"}
11:26:46 response {"ok":true,"result":{"message_id":51,"from":{"id":1352098426,"is_bot":true,"first_name":"TahEmpBot","username":"TahEmp_bot"},"chat":{"id":999289055,"first_name":"Jerry","last_name":"Jeng","type":"private"},"date":1604892406,"text":"\u5e33\u865f\u5bc6\u78bc\u932f\u8aa4"}}
11:27:01 Input {"update_id":334387436,
"message":{"message_id":52,"from":{"id":999289055,"is_bot":false,"first_name":"Jerry","last_name":"Jeng","language_code":"zh-hant"},"chat":{"id":999289055,"first_name":"Jerry","last_name":"Jeng","type":"private"},"date":1604892421,"text":"Chyuanher0425"}}
11:27:01 EmpTelegram_Status InputPasswd
11:27:02 CheckEmpPWD {"Status":"0", "MSG":"已綁定 \n 建議您將輸入的密碼訊息刪除 以免他人查看到"}
11:27:03 response {"ok":true,"result":{"message_id":53,"from":{"id":1352098426,"is_bot":true,"first_name":"TahEmpBot","username":"TahEmp_bot"},"chat":{"id":999289055,"first_name":"Jerry","last_name":"Jeng","type":"private"},"date":1604892423,"text":"\u5df2\u7d81\u5b9a \n \u5efa\u8b70\u60a8\u5c07\u8f38\u5165\u7684\u5bc6\u78bc\u8a0a\u606f\u522a\u9664 \u4ee5\u514d\u4ed6\u4eba\u67e5\u770b\u5230"}}
